Archive member included to satisfy reference by file (symbol)

/home/dombayli/st/stm32cubeide_2.2.0/plugins/com.st.stm32cube.ide.mcu.externaltools.gnu-tools-for-stm32.14.3.rel1.linux64_1.0.100.202602081740/tools/bin/../lib/gcc/arm-none-eabi/14.3.1/../../../../arm-none-eabi/lib/thumb/v6-m/nofp/libc_nano.a(libc_a-exit.o)
                              /home/dombayli/st/stm32cubeide_2.2.0/plugins/com.st.stm32cube.ide.mcu.externaltools.gnu-tools-for-stm32.14.3.rel1.linux64_1.0.100.202602081740/tools/bin/../lib/gcc/arm-none-eabi/14.3.1/../../../../arm-none-eabi/lib/thumb/v6-m/nofp/crt0.o (exit)
/home/dombayli/st/stm32cubeide_2.2.0/plugins/com.st.stm32cube.ide.mcu.externaltools.gnu-tools-for-stm32.14.3.rel1.linux64_1.0.100.202602081740/tools/bin/../lib/gcc/arm-none-eabi/14.3.1/../../../../arm-none-eabi/lib/thumb/v6-m/nofp/libc_nano.a(libc_a-findfp.o)
                              /home/dombayli/st/stm32cubeide_2.2.0/plugins/com.st.stm32cube.ide.mcu.externaltools.gnu-tools-for-stm32.14.3.rel1.linux64_1.0.100.202602081740/tools/bin/../lib/gcc/arm-none-eabi/14.3.1/../../../../arm-none-eabi/lib/thumb/v6-m/nofp/libc_nano.a(libc_a-exit.o) (__stdio_exit_handler)
/home/dombayli/st/stm32cubeide_2.2.0/plugins/com.st.stm32cube.ide.mcu.externaltools.gnu-tools-for-stm32.14.3.rel1.linux64_1.0.100.202602081740/tools/bin/../lib/gcc/arm-none-eabi/14.3.1/../../../../arm-none-eabi/lib/thumb/v6-m/nofp/libc_nano.a(libc_a-fwalk.o)
                              /home/dombayli/st/stm32cubeide_2.2.0/plugins/com.st.stm32cube.ide.mcu.externaltools.gnu-tools-for-stm32.14.3.rel1.linux64_1.0.100.202602081740/tools/bin/../lib/gcc/arm-none-eabi/14.3.1/../../../../arm-none-eabi/lib/thumb/v6-m/nofp/libc_nano.a(libc_a-findfp.o) (_fwalk_sglue)
/home/dombayli/st/stm32cubeide_2.2.0/plugins/com.st.stm32cube.ide.mcu.externaltools.gnu-tools-for-stm32.14.3.rel1.linux64_1.0.100.202602081740/tools/bin/../lib/gcc/arm-none-eabi/14.3.1/../../../../arm-none-eabi/lib/thumb/v6-m/nofp/libc_nano.a(libc_a-snprintf.o)
                              ./Core/Src/main.o (snprintf)
/home/dombayli/st/stm32cubeide_2.2.0/plugins/com.st.stm32cube.ide.mcu.externaltools.gnu-tools-for-stm32.14.3.rel1.linux64_1.0.100.202602081740/tools/bin/../lib/gcc/arm-none-eabi/14.3.1/../../../../arm-none-eabi/lib/thumb/v6-m/nofp/libc_nano.a(libc_a-stdio.o)
                              /home/dombayli/st/stm32cubeide_2.2.0/plugins/com.st.stm32cube.ide.mcu.externaltools.gnu-tools-for-stm32.14.3.rel1.linux64_1.0.100.202602081740/tools/bin/../lib/gcc/arm-none-eabi/14.3.1/../../../../arm-none-eabi/lib/thumb/v6-m/nofp/libc_nano.a(libc_a-findfp.o) (__sread)
/home/dombayli/st/stm32cubeide_2.2.0/plugins/com.st.stm32cube.ide.mcu.externaltools.gnu-tools-for-stm32.14.3.rel1.linux64_1.0.100.202602081740/tools/bin/../lib/gcc/arm-none-eabi/14.3.1/../../../../arm-none-eabi/lib/thumb/v6-m/nofp/libc_nano.a(libc_a-memset.o)
                              /home/dombayli/st/stm32cubeide_2.2.0/plugins/com.st.stm32cube.ide.mcu.externaltools.gnu-tools-for-stm32.14.3.rel1.linux64_1.0.100.202602081740/tools/bin/../lib/gcc/arm-none-eabi/14.3.1/../../../../arm-none-eabi/lib/thumb/v6-m/nofp/crt0.o (memset)
/home/dombayli/st/stm32cubeide_2.2.0/plugins/com.st.stm32cube.ide.mcu.externaltools.gnu-tools-for-stm32.14.3.rel1.linux64_1.0.100.202602081740/tools/bin/../lib/gcc/arm-none-eabi/14.3.1/../../../../arm-none-eabi/lib/thumb/v6-m/nofp/libc_nano.a(libc_a-closer.o)
                              /home/dombayli/st/stm32cubeide_2.2.0/plugins/com.st.stm32cube.ide.mcu.externaltools.gnu-tools-for-stm32.14.3.rel1.linux64_1.0.100.202602081740/tools/bin/../lib/gcc/arm-none-eabi/14.3.1/../../../../arm-none-eabi/lib/thumb/v6-m/nofp/libc_nano.a(libc_a-stdio.o) (_close_r)
/home/dombayli/st/stm32cubeide_2.2.0/plugins/com.st.stm32cube.ide.mcu.externaltools.gnu-tools-for-stm32.14.3.rel1.linux64_1.0.100.202602081740/tools/bin/../lib/gcc/arm-none-eabi/14.3.1/../../../../arm-none-eabi/lib/thumb/v6-m/nofp/libc_nano.a(libc_a-reent.o)
                              /home/dombayli/st/stm32cubeide_2.2.0/plugins/com.st.stm32cube.ide.mcu.externaltools.gnu-tools-for-stm32.14.3.rel1.linux64_1.0.100.202602081740/tools/bin/../lib/gcc/arm-none-eabi/14.3.1/../../../../arm-none-eabi/lib/thumb/v6-m/nofp/libc_nano.a(libc_a-closer.o) (errno)
/home/dombayli/st/stm32cubeide_2.2.0/plugins/com.st.stm32cube.ide.mcu.externaltools.gnu-tools-for-stm32.14.3.rel1.linux64_1.0.100.202602081740/tools/bin/../lib/gcc/arm-none-eabi/14.3.1/../../../../arm-none-eabi/lib/thumb/v6-m/nofp/libc_nano.a(libc_a-impure.o)
                              /home/dombayli/st/stm32cubeide_2.2.0/plugins/com.st.stm32cube.ide.mcu.externaltools.gnu-tools-for-stm32.14.3.rel1.linux64_1.0.100.202602081740/tools/bin/../lib/gcc/arm-none-eabi/14.3.1/../../../../arm-none-eabi/lib/thumb/v6-m/nofp/libc_nano.a(libc_a-snprintf.o) (_impure_ptr)
[...]
Memory Configuration

Name             Origin             Length             Attributes
RAM              0x20000000         0x00009000         xrw
FLASH            0x08000000         0x00020000         xr
*default*        0x00000000         0xffffffff

Linker script and memory map

LOAD /home/dombayli/st/stm32cubeide_2.2.0/plugins/com.st.stm32cube.ide.mcu.externaltools.gnu-tools-for-stm32.14.3.rel1.linux64_1.0.100.202602081740/tools/bin/../lib/gcc/arm-none-eabi/14.3.1/thumb/v6-m/nofp/crti.o
LOAD /home/dombayli/st/stm32cubeide_2.2.0/plugins/com.st.stm32cube.ide.mcu.externaltools.gnu-tools-for-stm32.14.3.rel1.linux64_1.0.100.202602081740/tools/bin/../lib/gcc/arm-none-eabi/14.3.1/thumb/v6-m/nofp/crtbegin.o
LOAD /home/dombayli/st/stm32cubeide_2.2.0/plugins/com.st.stm32cube.ide.mcu.externaltools.gnu-tools-for-stm32.14.3.rel1.linux64_1.0.100.202602081740/tools/bin/../lib/gcc/arm-none-eabi/14.3.1/../../../../arm-none-eabi/lib/thumb/v6-m/nofp/crt0.o
LOAD ./Core/Src/main.o
LOAD ./Core/Src/stm32g0xx_hal_msp.o
LOAD ./Core/Src/stm32g0xx_it.o
LOAD ./Core/Src/syscalls.o
LOAD ./Core/Src/sysmem.o
LOAD ./Core/Src/system_stm32g0xx.o
LOAD ./Core/Startup/startup_stm32g071rbtx.o
LOAD ./Drivers/STM32G0xx_HAL_Driver/Src/stm32g0xx_hal.o
LOAD ./Drivers/STM32G0xx_HAL_Driver/Src/stm32g0xx_hal_cortex.o
LOAD ./Drivers/STM32G0xx_HAL_Driver/Src/stm32g0xx_hal_dma.o
LOAD ./Drivers/STM32G0xx_HAL_Driver/Src/stm32g0xx_hal_dma_ex.o
LOAD ./Drivers/STM32G0xx_HAL_Driver/Src/stm32g0xx_hal_exti.o
LOAD ./Drivers/STM32G0xx_HAL_Driver/Src/stm32g0xx_hal_flash.o
LOAD ./Drivers/STM32G0xx_HAL_Driver/Src/stm32g0xx_hal_flash_ex.o
LOAD ./Drivers/STM32G0xx_HAL_Driver/Src/stm32g0xx_hal_gpio.o
LOAD ./Drivers/STM32G0xx_HAL_Driver/Src/stm32g0xx_hal_pwr.o
LOAD ./Drivers/STM32G0xx_HAL_Driver/Src/stm32g0xx_hal_pwr_ex.o
LOAD ./Drivers/STM32G0xx_HAL_Driver/Src/stm32g0xx_hal_rcc.o
LOAD ./Drivers/STM32G0xx_HAL_Driver/Src/stm32g0xx_hal_rcc_ex.o
LOAD ./Drivers/STM32G0xx_HAL_Driver/Src/stm32g0xx_hal_tim.o
LOAD ./Drivers/STM32G0xx_HAL_Driver/Src/stm32g0xx_hal_tim_ex.o
LOAD ./Drivers/STM32G0xx_HAL_Driver/Src/stm32g0xx_ll_dma.o
LOAD ./Drivers/STM32G0xx_HAL_Driver/Src/stm32g0xx_ll_exti.o
LOAD ./Drivers/STM32G0xx_HAL_Driver/Src/stm32g0xx_ll_gpio.o
LOAD ./Drivers/STM32G0xx_HAL_Driver/Src/stm32g0xx_ll_rcc.o
LOAD ./Drivers/STM32G0xx_HAL_Driver/Src/stm32g0xx_ll_tim.o
LOAD ./Drivers/STM32G0xx_HAL_Driver/Src/stm32g0xx_ll_usart.o
LOAD ./Drivers/STM32G0xx_HAL_Driver/Src/stm32g0xx_ll_utils.o
START GROUP
LOAD /home/dombayli/st/stm32cubeide_2.2.0/plugins/com.st.stm32cube.ide.mcu.externaltools.gnu-tools-for-stm32.14.3.rel1.linux64_1.0.100.202602081740/tools/bin/../lib/gcc/arm-none-eabi/14.3.1/../../../../arm-none-eabi/lib/thumb/v6-m/nofp/libc_nano.a
LOAD /home/dombayli/st/stm32cubeide_2.2.0/plugins/com.st.stm32cube.ide.mcu.externaltools.gnu-tools-for-stm32.14.3.rel1.linux64_1.0.100.202602081740/tools/bin/../lib/gcc/arm-none-eabi/14.3.1/../../../../arm-none-eabi/lib/thumb/v6-m/nofp/libm.a
END GROUP
START GROUP
LOAD /home/dombayli/st/stm32cubeide_2.2.0/plugins/com.st.stm32cube.ide.mcu.externaltools.gnu-tools-for-stm32.14.3.rel1.linux64_1.0.100.202602081740/tools/bin/../lib/gcc/arm-none-eabi/14.3.1/thumb/v6-m/nofp/libgcc.a
LOAD /home/dombayli/st/stm32cubeide_2.2.0/plugins/com.st.stm32cube.ide.mcu.externaltools.gnu-tools-for-stm32.14.3.rel1.linux64_1.0.100.202602081740/tools/bin/../lib/gcc/arm-none-eabi/14.3.1/../../../../arm-none-eabi/lib/thumb/v6-m/nofp/libc_nano.a
END GROUP
START GROUP
LOAD /home/dombayli/st/stm32cubeide_2.2.0/plugins/com.st.stm32cube.ide.mcu.externaltools.gnu-tools-for-stm32.14.3.rel1.linux64_1.0.100.202602081740/tools/bin/../lib/gcc/arm-none-eabi/14.3.1/thumb/v6-m/nofp/libgcc.a
LOAD /home/dombayli/st/stm32cubeide_2.2.0/plugins/com.st.stm32cube.ide.mcu.externaltools.gnu-tools-for-stm32.14.3.rel1.linux64_1.0.100.202602081740/tools/bin/../lib/gcc/arm-none-eabi/14.3.1/../../../../arm-none-eabi/lib/thumb/v6-m/nofp/libc_nano.a
LOAD /home/dombayli/st/stm32cubeide_2.2.0/plugins/com.st.stm32cube.ide.mcu.externaltools.gnu-tools-for-stm32.14.3.rel1.linux64_1.0.100.202602081740/tools/bin/../lib/gcc/arm-none-eabi/14.3.1/../../../../arm-none-eabi/lib/thumb/v6-m/nofp/libnosys.a
END GROUP
START GROUP
LOAD /home/dombayli/st/stm32cubeide_2.2.0/plugins/com.st.stm32cube.ide.mcu.externaltools.gnu-tools-for-stm32.14.3.rel1.linux64_1.0.100.202602081740/tools/bin/../lib/gcc/arm-none-eabi/14.3.1/thumb/v6-m/nofp/libgcc.a
LOAD /home/dombayli/st/stm32cubeide_2.2.0/plugins/com.st.stm32cube.ide.mcu.externaltools.gnu-tools-for-stm32.14.3.rel1.linux64_1.0.100.202602081740/tools/bin/../lib/gcc/arm-none-eabi/14.3.1/../../../../arm-none-eabi/lib/thumb/v6-m/nofp/libc_nano.a
LOAD /home/dombayli/st/stm32cubeide_2.2.0/plugins/com.st.stm32cube.ide.mcu.externaltools.gnu-tools-for-stm32.14.3.rel1.linux64_1.0.100.202602081740/tools/bin/../lib/gcc/arm-none-eabi/14.3.1/../../../../arm-none-eabi/lib/thumb/v6-m/nofp/libnosys.a
END GROUP
LOAD /home/dombayli/st/stm32cubeide_2.2.0/plugins/com.st.stm32cube.ide.mcu.externaltools.gnu-tools-for-stm32.14.3.rel1.linux64_1.0.100.202602081740/tools/bin/../lib/gcc/arm-none-eabi/14.3.1/thumb/v6-m/nofp/crtend.o
LOAD /home/dombayli/st/stm32cubeide_2.2.0/plugins/com.st.stm32cube.ide.mcu.externaltools.gnu-tools-for-stm32.14.3.rel1.linux64_1.0.100.202602081740/tools/bin/../lib/gcc/arm-none-eabi/14.3.1/thumb/v6-m/nofp/crtn.o
                0x20009000                        _estack = (ORIGIN (RAM) + LENGTH (RAM))
                0x00000200                        _Min_Heap_Size = 0x200
                0x00000400                        _Min_Stack_Size = 0x400

.isr_vector     0x08000000       0xbc
                0x08000000                        . = ALIGN (0x4)
 *(.isr_vector)
 .isr_vector    0x08000000       0xbc ./Core/Startup/startup_stm32g071rbtx.o
                0x08000000                g_pfnVectors
                0x080000bc                        . = ALIGN (0x4)

.text           0x080000bc     0x33c8
                0x080000bc                        . = ALIGN (0x4)
 *(.text)
 .text          0x080000bc       0x48 /home/dombayli/st/stm32cubeide_2.2.0/plugins/com.st.stm32cube.ide.mcu.externaltools.gnu-tools-for-stm32.14.3.rel1.linux64_1.0.100.202602081740/tools/bin/../lib/gcc/arm-none-eabi/14.3.1/thumb/v6-m/nofp/crtbegin.o
 .text          0x08000104        0xe /home/dombayli/st/stm32cubeide_2.2.0/plugins/com.st.stm32cube.ide.mcu.externaltools.gnu-tools-for-stm32.14.3.rel1.linux64_1.0.100.202602081740/tools/bin/../lib/gcc/arm-none-eabi/14.3.1/../../../../arm-none-eabi/lib/thumb/v6-m/nofp/libc_nano.a(libc_a-strlen.o)
                0x08000104                strlen
 *fill*         0x08000112        0x2 
 .text          0x08000114       0x14 /home/dombayli/st/stm32cubeide_2.2.0/plugins/com.st.stm32cube.ide.mcu.externaltools.gnu-tools-for-stm32.14.3.rel1.linux64_1.0.100.202602081740/tools/bin/../lib/gcc/arm-none-eabi/14.3.1/thumb/v6-m/nofp/libgcc.a(_thumb1_case_shi.o)
                0x08000114                __gnu_thumb1_case_shi
 .text          0x08000128      0x114 /home/dombayli/st/stm32cubeide_2.2.0/plugins/com.st.stm32cube.ide.mcu.externaltools.gnu-tools-for-stm32.14.3.rel1.linux64_1.0.100.202602081740/tools/bin/../lib/gcc/arm-none-eabi/14.3.1/thumb/v6-m/nofp/libgcc.a(_udivsi3.o)
                0x08000128                __udivsi3
                0x08000128                __aeabi_uidiv
                0x08000234                __aeabi_uidivmod
 .text          0x0800023c      0x1d4 /home/dombayli/st/stm32cubeide_2.2.0/plugins/com.st.stm32cube.ide.mcu.externaltools.gnu-tools-for-stm32.14.3.rel1.linux64_1.0.100.202602081740/tools/bin/../lib/gcc/arm-none-eabi/14.3.1/thumb/v6-m/nofp/libgcc.a(_divsi3.o)
                0x0800023c                __aeabi_idiv
                0x0800023c                __divsi3
                0x08000408                __aeabi_idivmod
 .text          0x08000410        0x4 /home/dombayli/st/stm32cubeide_2.2.0/plugins/com.st.stm32cube.ide.mcu.externaltools.gnu-tools-for-stm32.14.3.rel1.linux64_1.0.100.202602081740/tools/bin/../lib/gcc/arm-none-eabi/14.3.1/thumb/v6-m/nofp/libgcc.a(_dvmd_tls.o)
                0x08000410                __aeabi_ldiv0
                0x08000410                __aeabi_idiv0
 *(.text*)
 .text.__NVIC_SetPriority
                0x08000414       0xdc ./Core/Src/main.o
 .text.SysTick_Config
                0x080004f0       0x48 ./Core/Src/main.o
 .text.LL_RCC_HSI_Enable
                0x08000538       0x1c ./Core/Src/main.o
 .text.LL_RCC_HSI_IsReady
                0x08000554       0x28 ./Core/Src/main.o
 .text.LL_RCC_SetSysClkSource
                0x0800057c       0x28 ./Core/Src/main.o
 .text.LL_RCC_GetSysClkSource
                0x080005a4       0x18 ./Core/Src/main.o
 .text.LL_RCC_SetAHBPrescaler
                0x080005bc       0x2c ./Core/Src/main.o
 .text.LL_RCC_SetAPB1Prescaler
                0x080005e8       0x2c ./Core/Src/main.o
 .text.LL_RCC_SetTIMClockSource
                0x08000614       0x30 ./Core/Src/main.o
 .text.LL_RCC_PLL_Enable
                0x08000644       0x1c ./Core/Src/main.o
 .text.LL_RCC_PLL_IsReady
                0x08000660       0x28 ./Core/Src/main.o
 .text.LL_RCC_PLL_ConfigDomain_SYS
                0x08000688       0x40 ./Core/Src/main.o
 .text.LL_RCC_PLL_EnableDomain_SYS
                0x080006c8       0x1c ./Core/Src/main.o
 .text.LL_APB1_GRP1_EnableClock
                0x080006e4       0x2c ./Core/Src/main.o
 .text.LL_APB2_GRP1_EnableClock
                0x08000710       0x2c ./Core/Src/main.o
 .text.LL_IOP_GRP1_EnableClock
                0x0800073c       0x2c ./Core/Src/main.o
 .text.LL_FLASH_SetLatency
                0x08000768       0x28 ./Core/Src/main.o
 .text.LL_FLASH_GetLatency
                0x08000790       0x18 ./Core/Src/main.o
 .text.LL_TIM_EnableCounter
                0x080007a8       0x1c ./Core/Src/main.o
 .text.LL_TIM_SetOnePulseMode
                0x080007c4       0x24 ./Core/Src/main.o
 .text.LL_TIM_EnableARRPreload
                0x080007e8       0x1c ./Core/Src/main.o
 .text.LL_TIM_DisableARRPreload
                0x08000804       0x1e ./Core/Src/main.o
 .text.LL_TIM_SetCounter
                0x08000822       0x18 ./Core/Src/main.o
 .text.LL_TIM_GetCounter
                0x0800083a       0x14 ./Core/Src/main.o
 .text.LL_TIM_CC_EnableChannel
                0x0800084e       0x1e ./Core/Src/main.o
 .text.LL_TIM_OC_DisableFast
                0x0800086c       0xb0 ./Core/Src/main.o
 .text.LL_TIM_OC_EnablePreload
                0x0800091c       0xac ./Core/Src/main.o
 .text.LL_TIM_IC_SetActiveInput
                0x080009c8       0xc0 ./Core/Src/main.o
 .text.LL_TIM_IC_SetPrescaler
                0x08000a88       0xc0 ./Core/Src/main.o
 .text.LL_TIM_IC_SetFilter
                0x08000b48       0xc0 ./Core/Src/main.o
 .text.LL_TIM_IC_SetPolarity
                0x08000c08       0xac ./Core/Src/main.o
 .text.LL_TIM_DisableExternalClock
                0x08000cb4       0x20 ./Core/Src/main.o
 .text.LL_TIM_SetClockSource
                0x08000cd4       0x28 ./Core/Src/main.o
 .text.LL_TIM_SetTriggerOutput
                0x08000cfc       0x24 ./Core/Src/main.o
 .text.LL_TIM_SetTriggerOutput2
                0x08000d20       0x28 ./Core/Src/main.o
 .text.LL_TIM_SetSlaveMode
                0x08000d48       0x28 ./Core/Src/main.o
 .text.LL_TIM_SetTriggerInput
                0x08000d70       0x28 ./Core/Src/main.o
 .text.LL_TIM_DisableMasterSlaveMode
                0x08000d98       0x1e ./Core/Src/main.o
 *fill*         0x08000db6        0x2 
 .text.LL_TIM_ConfigETR
                0x08000db8       0x34 ./Core/Src/main.o
 .text.LL_TIM_DisableIT_TRIG
                0x08000dec       0x1e ./Core/Src/main.o
 *fill*         0x08000e0a        0x2 
 .text.LL_TIM_DisableDMAReq_TRIG
                0x08000e0c       0x20 ./Core/Src/main.o
 .text.LL_TIM_GenerateEvent_UPDATE
                0x08000e2c       0x1c ./Core/Src/main.o
 .text.LL_USART_Enable
                0x08000e48       0x1c ./Core/Src/main.o
 .text.LL_USART_IsActiveFlag_TC
                0x08000e64       0x22 ./Core/Src/main.o
 .text.LL_USART_IsActiveFlag_TXE_TXFNF
                0x08000e86       0x22 ./Core/Src/main.o
 .text.LL_USART_TransmitData8
                0x08000ea8       0x1e ./Core/Src/main.o
 .text.LL_GPIO_ResetOutputPin
                0x08000ec6       0x18 ./Core/Src/main.o
 .text.LL_GPIO_TogglePin
                0x08000ede       0x2e ./Core/Src/main.o
 .text.GPIO_Config
                0x08000f0c       0xc4 ./Core/Src/main.o
                0x08000f0c                GPIO_Config
 .text.Servo_Config
                0x08000fd0       0x80 ./Core/Src/main.o
                0x08000fd0                Servo_Config
 .text.TIM3_Config
                0x08001050       0x88 ./Core/Src/main.o
                0x08001050                TIM3_Config
 .text.Trig_Sensor
                0x080010d8       0x20 ./Core/Src/main.o
                0x080010d8                Trig_Sensor
 .text.TIM1_Config
                0x080010f8       0x80 ./Core/Src/main.o
                0x080010f8                TIM1_Config
 .text.UART_Config
                0x08001178       0x64 ./Core/Src/main.o
                0x08001178                UART_Config
 .text.Send_Radar_Data
                0x080011dc       0xb8 ./Core/Src/main.o
                0x080011dc                Send_Radar_Data
 .text.main     0x08001294       0xb0 ./Core/Src/main.o
                0x08001294                main
 .text.SystemClock_Config
                0x08001344       0x80 ./Core/Src/main.o
                0x08001344                SystemClock_Config
 .text.MX_TIM1_Init
                0x080013c4      0x17c ./Core/Src/main.o
 .text.MX_TIM2_Init
                0x08001540      0x118 ./Core/Src/main.o
 .text.MX_GPIO_Init
                0x08001658      0x178 ./Core/Src/main.o
 .text.LL_TIM_OC_SetCompareCH1
                0x080017d0       0x18 ./Core/Src/stm32g0xx_it.o
 .text.NMI_Handler
                0x080017e8        0x8 ./Core/Src/stm32g0xx_it.o
                0x080017e8                NMI_Handler
 .text.HardFault_Handler
                0x080017f0        0x8 ./Core/Src/stm32g0xx_it.o
                0x080017f0                HardFault_Handler
 .text.SVC_Handler
                0x080017f8        0xa ./Core/Src/stm32g0xx_it.o
                0x080017f8                SVC_Handler
 .text.PendSV_Handler
                0x08001802        0xa ./Core/Src/stm32g0xx_it.o
                0x08001802                PendSV_Handler
 .text.SysTick_Handler
                0x0800180c       0x84 ./Core/Src/stm32g0xx_it.o
                0x0800180c                SysTick_Handler
 .text._sbrk    0x08001890       0x6c ./Core/Src/sysmem.o
                0x08001890                _sbrk
 .text.SystemInit
                0x080018fc        0xa ./Core/Src/system_stm32g0xx.o
                0x080018fc                SystemInit
 *fill*         0x08001906        0x2 
 .text.Reset_Handler
                0x08001908       0x50 ./Core/Startup/startup_stm32g071rbtx.o
                0x08001908                Reset_Handler
 .text.Default_Handler
                0x08001958        0x2 ./Core/Startup/startup_stm32g071rbtx.o
                0x08001958                USART3_4_LPUART1_IRQHandler
                0x08001958                TIM1_CC_IRQHandler
                0x08001958                ADC1_COMP_IRQHandler
                0x08001958                PVD_IRQHandler
                0x08001958                I2C1_IRQHandler
                0x08001958                TIM7_LPTIM2_IRQHandler
                0x08001958                RTC_TAMP_IRQHandler
                0x08001958                SPI1_IRQHandler
                0x08001958                EXTI2_3_IRQHandler
                0x08001958                I2C2_IRQHandler
                0x08001958                TIM17_IRQHandler
                0x08001958                TIM16_IRQHandler
                0x08001958                TIM3_IRQHandler
                0x08001958                EXTI4_15_IRQHandler
                0x08001958                RCC_IRQHandler
                0x08001958                DMA1_Channel1_IRQHandler
                0x08001958                Default_Handler
                0x08001958                CEC_IRQHandler
                0x08001958                TIM14_IRQHandler
                0x08001958                TIM15_IRQHandler
                0x08001958                EXTI0_1_IRQHandler
                0x08001958                SPI2_IRQHandler
                0x08001958                TIM6_DAC_LPTIM1_IRQHandler
                0x08001958                WWDG_IRQHandler
                0x08001958                TIM2_IRQHandler
                0x08001958                DMA1_Ch4_7_DMAMUX1_OVR_IRQHandler
                0x08001958                DMA1_Channel2_3_IRQHandler
                0x08001958                UCPD1_2_IRQHandler
                0x08001958                USART2_IRQHandler
                0x08001958                FLASH_IRQHandler
                0x08001958                USART1_IRQHandler
                0x08001958                TIM1_BRK_UP_TRG_COM_IRQHandler
 *fill*         0x0800195a        0x2 
 .text.HAL_IncTick
                0x0800195c       0x24 ./Drivers/STM32G0xx_HAL_Driver/Src/stm32g0xx_hal.o
                0x0800195c                HAL_IncTick
 .text.LL_GPIO_SetPinMode
                0x08001980       0x38 ./Drivers/STM32G0xx_HAL_Driver/Src/stm32g0xx_ll_gpio.o
 .text.LL_GPIO_SetPinOutputType
                0x080019b8       0x2a ./Drivers/STM32G0xx_HAL_Driver/Src/stm32g0xx_ll_gpio.o
 .text.LL_GPIO_SetPinSpeed
                0x080019e2       0x38 ./Drivers/STM32G0xx_HAL_Driver/Src/stm32g0xx_ll_gpio.o
 .text.LL_GPIO_SetPinPull
                0x08001a1a       0x38 ./Drivers/STM32G0xx_HAL_Driver/Src/stm32g0xx_ll_gpio.o
 .text.LL_GPIO_SetAFPin_0_7
                0x08001a52       0x46 ./Drivers/STM32G0xx_HAL_Driver/Src/stm32g0xx_ll_gpio.o
 .text.LL_GPIO_SetAFPin_8_15
                0x08001a98       0x5a ./Drivers/STM32G0xx_HAL_Driver/Src/stm32g0xx_ll_gpio.o
 .text.LL_GPIO_Init
                0x08001af2       0xb6 ./Drivers/STM32G0xx_HAL_Driver/Src/stm32g0xx_ll_gpio.o
                0x08001af2                LL_GPIO_Init
 .text.LL_RCC_HSI_IsReady
                0x08001ba8       0x28 ./Drivers/STM32G0xx_HAL_Driver/Src/stm32g0xx_ll_rcc.o
 .text.LL_RCC_LSE_IsReady
                0x08001bd0       0x20 ./Drivers/STM32G0xx_HAL_Driver/Src/stm32g0xx_ll_rcc.o
 .text.LL_RCC_GetSysClkSource
                0x08001bf0       0x18 ./Drivers/STM32G0xx_HAL_Driver/Src/stm32g0xx_ll_rcc.o
 .text.LL_RCC_GetAHBPrescaler
                0x08001c08       0x18 ./Drivers/STM32G0xx_HAL_Driver/Src/stm32g0xx_ll_rcc.o
 .text.LL_RCC_GetAPB1Prescaler
                0x08001c20       0x18 ./Drivers/STM32G0xx_HAL_Driver/Src/stm32g0xx_ll_rcc.o
 .text.LL_RCC_GetUSARTClockSource
                0x08001c38       0x24 ./Drivers/STM32G0xx_HAL_Driver/Src/stm32g0xx_ll_rcc.o
 .text.LL_RCC_PLL_GetN
                0x08001c5c       0x18 ./Drivers/STM32G0xx_HAL_Driver/Src/stm32g0xx_ll_rcc.o
 .text.LL_RCC_PLL_GetR
                0x08001c74       0x18 ./Drivers/STM32G0xx_HAL_Driver/Src/stm32g0xx_ll_rcc.o
 .text.LL_RCC_PLL_GetMainSource
                0x08001c8c       0x18 ./Drivers/STM32G0xx_HAL_Driver/Src/stm32g0xx_ll_rcc.o
 .text.LL_RCC_PLL_GetDivider
                0x08001ca4       0x18 ./Drivers/STM32G0xx_HAL_Driver/Src/stm32g0xx_ll_rcc.o
 .text.LL_RCC_GetSystemClocksFreq
                0x08001cbc       0x3a ./Drivers/STM32G0xx_HAL_Driver/Src/stm32g0xx_ll_rcc.o
                0x08001cbc                LL_RCC_GetSystemClocksFreq
 *fill*         0x08001cf6        0x2 
 .text.LL_RCC_GetUSARTClockFreq
                0x08001cf8      0x120 ./Drivers/STM32G0xx_HAL_Driver/Src/stm32g0xx_ll_rcc.o
                0x08001cf8                LL_RCC_GetUSARTClockFreq
 .text.RCC_GetSystemClockFreq
                0x08001e18       0x5c ./Drivers/STM32G0xx_HAL_Driver/Src/stm32g0xx_ll_rcc.o
 .text.RCC_GetHCLKClockFreq
                0x08001e74       0x30 ./Drivers/STM32G0xx_HAL_Driver/Src/stm32g0xx_ll_rcc.o
 .text.RCC_GetPCLK1ClockFreq
                0x08001ea4       0x2c ./Drivers/STM32G0xx_HAL_Driver/Src/stm32g0xx_ll_rcc.o
 .text.RCC_PLL_GetFreqDomain_SYS
                0x08001ed0       0x74 ./Drivers/STM32G0xx_HAL_Driver/Src/stm32g0xx_ll_rcc.o
 .text.LL_TIM_SetPrescaler
                0x08001f44       0x18 ./Drivers/STM32G0xx_HAL_Driver/Src/stm32g0xx_ll_tim.o
 .text.LL_TIM_SetAutoReload
                0x08001f5c       0x18 ./Drivers/STM32G0xx_HAL_Driver/Src/stm32g0xx_ll_tim.o
 .text.LL_TIM_SetRepetitionCounter
                0x08001f74       0x18 ./Drivers/STM32G0xx_HAL_Driver/Src/stm32g0xx_ll_tim.o
 .text.LL_TIM_OC_SetCompareCH1
                0x08001f8c       0x18 ./Drivers/STM32G0xx_HAL_Driver/Src/stm32g0xx_ll_tim.o
 .text.LL_TIM_OC_SetCompareCH2
                0x08001fa4       0x18 ./Drivers/STM32G0xx_HAL_Driver/Src/stm32g0xx_ll_tim.o
 .text.LL_TIM_OC_SetCompareCH3
                0x08001fbc       0x18 ./Drivers/STM32G0xx_HAL_Driver/Src/stm32g0xx_ll_tim.o
 .text.LL_TIM_OC_SetCompareCH4
                0x08001fd4       0x18 ./Drivers/STM32G0xx_HAL_Driver/Src/stm32g0xx_ll_tim.o
 .text.LL_TIM_OC_SetCompareCH5
                0x08001fec       0x22 ./Drivers/STM32G0xx_HAL_Driver/Src/stm32g0xx_ll_tim.o
 .text.LL_TIM_OC_SetCompareCH6
                0x0800200e       0x18 ./Drivers/STM32G0xx_HAL_Driver/Src/stm32g0xx_ll_tim.o
 .text.LL_TIM_GenerateEvent_UPDATE
                0x08002026       0x1c ./Drivers/STM32G0xx_HAL_Driver/Src/stm32g0xx_ll_tim.o
 *fill*         0x08002042        0x2 
 .text.LL_TIM_Init
                0x08002044      0x104 ./Drivers/STM32G0xx_HAL_Driver/Src/stm32g0xx_ll_tim.o
                0x08002044                LL_TIM_Init
 .text.LL_TIM_OC_Init
                0x08002148      0x106 ./Drivers/STM32G0xx_HAL_Driver/Src/stm32g0xx_ll_tim.o
                0x08002148                LL_TIM_OC_Init
 *fill*         0x0800224e        0x2 
 .text.OC1Config
                0x08002250      0x108 ./Drivers/STM32G0xx_HAL_Driver/Src/stm32g0xx_ll_tim.o
 .text.OC2Config
                0x08002358      0x114 ./Drivers/STM32G0xx_HAL_Driver/Src/stm32g0xx_ll_tim.o
 .text.OC3Config
                0x0800246c      0x114 ./Drivers/STM32G0xx_HAL_Driver/Src/stm32g0xx_ll_tim.o
 .text.OC4Config
                0x08002580       0xe0 ./Drivers/STM32G0xx_HAL_Driver/Src/stm32g0xx_ll_tim.o
 .text.OC5Config
                0x08002660       0xc4 ./Drivers/STM32G0xx_HAL_Driver/Src/stm32g0xx_ll_tim.o
 .text.OC6Config
                0x08002724       0xcc ./Drivers/STM32G0xx_HAL_Driver/Src/stm32g0xx_ll_tim.o
 .text.LL_USART_IsEnabled
                0x080027f0       0x22 ./Drivers/STM32G0xx_HAL_Driver/Src/stm32g0xx_ll_usart.o
 .text.LL_USART_SetPrescaler
                0x08002812       0x24 ./Drivers/STM32G0xx_HAL_Driver/Src/stm32g0xx_ll_usart.o
 *fill*         0x08002836        0x2 
 .text.LL_USART_SetStopBitsLength
                0x08002838       0x28 ./Drivers/STM32G0xx_HAL_Driver/Src/stm32g0xx_ll_usart.o
 .text.LL_USART_SetHWFlowCtrl
                0x08002860       0x28 ./Drivers/STM32G0xx_HAL_Driver/Src/stm32g0xx_ll_usart.o
 .text.LL_USART_SetBaudRate
                0x08002888       0xb4 ./Drivers/STM32G0xx_HAL_Driver/Src/stm32g0xx_ll_usart.o
 .text.LL_USART_Init
                0x0800293c      0x11c ./Drivers/STM32G0xx_HAL_Driver/Src/stm32g0xx_ll_usart.o
                0x0800293c                LL_USART_Init
 .text.LL_InitTick
                0x08002a58       0x34 ./Drivers/STM32G0xx_HAL_Driver/Src/stm32g0xx_ll_utils.o
 .text.LL_Init1msTick
                0x08002a8c       0x1e ./Drivers/STM32G0xx_HAL_Driver/Src/stm32g0xx_ll_utils.o
                0x08002a8c                LL_Init1msTick
 *fill*         0x08002aaa        0x2 
 .text.LL_mDelay
                0x08002aac       0x48 ./Drivers/STM32G0xx_HAL_Driver/Src/stm32g0xx_ll_utils.o
                0x08002aac                LL_mDelay
 .text.LL_SetSystemCoreClock
                0x08002af4       0x1c ./Drivers/STM32G0xx_HAL_Driver/Src/stm32g0xx_ll_utils.o
                0x08002af4                LL_SetSystemCoreClock
 .text.snprintf
                0x08002b10       0x68 /home/dombayli/st/stm32cubeide_2.2.0/plugins/com.st.stm32cube.ide.mcu.externaltools.gnu-tools-for-stm32.14.3.rel1.linux64_1.0.100.202602081740/tools/bin/../lib/gcc/arm-none-eabi/14.3.1/../../../../arm-none-eabi/lib/thumb/v6-m/nofp/libc_nano.a(libc_a-snprintf.o)
                0x08002b10                snprintf
                0x08002b10                sniprintf
 .text.memset   0x08002b78       0x10 /home/dombayli/st/stm32cubeide_2.2.0/plugins/com.st.stm32cube.ide.mcu.externaltools.gnu-tools-for-stm32.14.3.rel1.linux64_1.0.100.202602081740/tools/bin/../lib/gcc/arm-none-eabi/14.3.1/../../../../arm-none-eabi/lib/thumb/v6-m/nofp/libc_nano.a(libc_a-memset.o)
                0x08002b78                memset
 .text.__errno  0x08002b88        0xc /home/dombayli/st/stm32cubeide_2.2.0/plugins/com.st.stm32cube.ide.mcu.externaltools.gnu-tools-for-stm32.14.3.rel1.linux64_1.0.100.202602081740/tools/bin/../lib/gcc/arm-none-eabi/14.3.1/../../../../arm-none-eabi/lib/thumb/v6-m/nofp/libc_nano.a(libc_a-errno.o)
                0x08002b88                __errno
 .text.__libc_init_array
                0x08002b94       0x48 /home/dombayli/st/stm32cubeide_2.2.0/plugins/com.st.stm32cube.ide.mcu.externaltools.gnu-tools-for-stm32.14.3.rel1.linux64_1.0.100.202602081740/tools/bin/../lib/gcc/arm-none-eabi/14.3.1/../../../../arm-none-eabi/lib/thumb/v6-m/nofp/libc_nano.a(libc_a-init.o)
                0x08002b94                __libc_init_array
 .text.__retarget_lock_acquire_recursive
                0x08002bdc        0x2 /home/dombayli/st/stm32cubeide_2.2.0/plugins/com.st.stm32cube.ide.mcu.externaltools.gnu-tools-for-stm32.14.3.rel1.linux64_1.0.100.202602081740/tools/bin/../lib/gcc/arm-none-eabi/14.3.1/../../../../arm-none-eabi/lib/thumb/v6-m/nofp/libc_nano.a(libc_a-lock.o)
                0x08002bdc                __retarget_lock_acquire_recursive
 .text.__retarget_lock_release_recursive
                0x08002bde        0x2 /home/dombayli/st/stm32cubeide_2.2.0/plugins/com.st.stm32cube.ide.mcu.externaltools.gnu-tools-for-stm32.14.3.rel1.linux64_1.0.100.202602081740/tools/bin/../lib/gcc/arm-none-eabi/14.3.1/../../../../arm-none-eabi/lib/thumb/v6-m/nofp/libc_nano.a(libc_a-lock.o)
                0x08002bde                __retarget_lock_release_recursive
 .text._free_r  0x08002be0       0x94 /home/dombayli/st/stm32cubeide_2.2.0/plugins/com.st.stm32cube.ide.mcu.externaltools.gnu-tools-for-stm32.14.3.rel1.linux64_1.0.100.202602081740/tools/bin/../lib/gcc/arm-none-eabi/14.3.1/../../../../arm-none-eabi/lib/thumb/v6-m/nofp/libc_nano.a(libc_a-freer.o)
                0x08002be0                _free_r
 .text.sbrk_aligned
                0x08002c74       0x44 /home/dombayli/st/stm32cubeide_2.2.0/plugins/com.st.stm32cube.ide.mcu.externaltools.gnu-tools-for-stm32.14.3.rel1.linux64_1.0.100.202602081740/tools/bin/../lib/gcc/arm-none-eabi/14.3.1/../../../../arm-none-eabi/lib/thumb/v6-m/nofp/libc_nano.a(libc_a-mallocr.o)
 .text._malloc_r
                0x08002cb8      0x100 /home/dombayli/st/stm32cubeide_2.2.0/plugins/com.st.stm32cube.ide.mcu.externaltools.gnu-tools-for-stm32.14.3.rel1.linux64_1.0.100.202602081740/tools/bin/../lib/gcc/arm-none-eabi/14.3.1/../../../../arm-none-eabi/lib/thumb/v6-m/nofp/libc_nano.a(libc_a-mallocr.o)
                0x08002cb8                _malloc_r
 .text.__malloc_lock
                0x08002db8       0x10 /home/dombayli/st/stm32cubeide_2.2.0/plugins/com.st.stm32cube.ide.mcu.externaltools.gnu-tools-for-stm32.14.3.rel1.linux64_1.0.100.202602081740/tools/bin/../lib/gcc/arm-none-eabi/14.3.1/../../../../arm-none-eabi/lib/thumb/v6-m/nofp/libc_nano.a(libc_a-mlock.o)
                0x08002db8                __malloc_lock
 .text.__malloc_unlock
                0x08002dc8       0x10 /home/dombayli/st/stm32cubeide_2.2.0/plugins/com.st.stm32cube.ide.mcu.externaltools.gnu-tools-for-stm32.14.3.rel1.linux64_1.0.100.202602081740/tools/bin/../lib/gcc/arm-none-eabi/14.3.1/../../../../arm-none-eabi/lib/thumb/v6-m/nofp/libc_nano.a(libc_a-mlock.o)
                0x08002dc8                __malloc_unlock
 .text.__ssputs_r
                0x08002dd8       0xc8 /home/dombayli/st/stm32cubeide_2.2.0/plugins/com.st.stm32cube.ide.mcu.externaltools.gnu-tools-for-stm32.14.3.rel1.linux64_1.0.100.202602081740/tools/bin/../lib/gcc/arm-none-eabi/14.3.1/../../../../arm-none-eabi/lib/thumb/v6-m/nofp/libc_nano.a(libc_a-nano-svfprintf.o)
                0x08002dd8                __ssputs_r
 .text._svfprintf_r
                0x08002ea0      0x1f4 /home/dombayli/st/stm32cubeide_2.2.0/plugins/com.st.stm32cube.ide.mcu.externaltools.gnu-tools-for-stm32.14.3.rel1.linux64_1.0.100.202602081740/tools/bin/../lib/gcc/arm-none-eabi/14.3.1/../../../../arm-none-eabi/lib/thumb/v6-m/nofp/libc_nano.a(libc_a-nano-svfprintf.o)
                0x08002ea0                _svfprintf_r
                0x08002ea0                _svfiprintf_r
 .text._printf_common
                0x08003094       0xde /home/dombayli/st/stm32cubeide_2.2.0/plugins/com.st.stm32cube.ide.mcu.externaltools.gnu-tools-for-stm32.14.3.rel1.linux64_1.0.100.202602081740/tools/bin/../lib/gcc/arm-none-eabi/14.3.1/../../../../arm-none-eabi/lib/thumb/v6-m/nofp/libc_nano.a(libc_a-nano-vfprintf_i.o)
                0x08003094                _printf_common
 *fill*         0x08003172        0x2 
 .text._printf_i
                0x08003174      0x218 /home/dombayli/st/stm32cubeide_2.2.0/plugins/com.st.stm32cube.ide.mcu.externaltools.gnu-tools-for-stm32.14.3.rel1.linux64_1.0.100.202602081740/tools/bin/../lib/gcc/arm-none-eabi/14.3.1/../../../../arm-none-eabi/lib/thumb/v6-m/nofp/libc_nano.a(libc_a-nano-vfprintf_i.o)
                0x08003174                _printf_i
 .text.memmove  0x0800338c       0x24 /home/dombayli/st/stm32cubeide_2.2.0/plugins/com.st.stm32cube.ide.mcu.externaltools.gnu-tools-for-stm32.14.3.rel1.linux64_1.0.100.202602081740/tools/bin/../lib/gcc/arm-none-eabi/14.3.1/../../../../arm-none-eabi/lib/thumb/v6-m/nofp/libc_nano.a(libc_a-memmove.o)
                0x0800338c                memmove
 .text._sbrk_r  0x080033b0       0x24 /home/dombayli/st/stm32cubeide_2.2.0/plugins/com.st.stm32cube.ide.mcu.externaltools.gnu-tools-for-stm32.14.3.rel1.linux64_1.0.100.202602081740/tools/bin/../lib/gcc/arm-none-eabi/14.3.1/../../../../arm-none-eabi/lib/thumb/v6-m/nofp/libc_nano.a(libc_a-sbrkr.o)
                0x080033b0                _sbrk_r
 .text.memchr   0x080033d4       0x16 /home/dombayli/st/stm32cubeide_2.2.0/plugins/com.st.stm32cube.ide.mcu.externaltools.gnu-tools-for-stm32.14.3.rel1.linux64_1.0.100.202602081740/tools/bin/../lib/gcc/arm-none-eabi/14.3.1/../../../../arm-none-eabi/lib/thumb/v6-m/nofp/libc_nano.a(libc_a-memchr-stub.o)
                0x080033d4                memchr
 .text.memcpy   0x080033ea       0x12 /home/dombayli/st/stm32cubeide_2.2.0/plugins/com.st.stm32cube.ide.mcu.externaltools.gnu-tools-for-stm32.14.3.rel1.linux64_1.0.100.202602081740/tools/bin/../lib/gcc/arm-none-eabi/14.3.1/../../../../arm-none-eabi/lib/thumb/v6-m/nofp/libc_nano.a(libc_a-memcpy-stub.o)
                0x080033ea                memcpy
 .text._realloc_r
                0x080033fc       0x60 /home/dombayli/st/stm32cubeide_2.2.0/plugins/com.st.stm32cube.ide.mcu.externaltools.gnu-tools-for-stm32.14.3.rel1.linux64_1.0.100.202602081740/tools/bin/../lib/gcc/arm-none-eabi/14.3.1/../../../../arm-none-eabi/lib/thumb/v6-m/nofp/libc_nano.a(libc_a-reallocr.o)
                0x080033fc                _realloc_r
 .text._malloc_usable_size_r
                0x0800345c       0x10 /home/dombayli/st/stm32cubeide_2.2.0/plugins/com.st.stm32cube.ide.mcu.externaltools.gnu-tools-for-stm32.14.3.rel1.linux64_1.0.100.202602081740/tools/bin/../lib/gcc/arm-none-eabi/14.3.1/../../../../arm-none-eabi/lib/thumb/v6-m/nofp/libc_nano.a(libc_a-msizer.o)
                0x0800345c                _malloc_usable_size_r
 *(.glue_7)
 .glue_7        0x0800346c        0x0 linker stubs
 *(.glue_7t)
 .glue_7t       0x0800346c        0x0 linker stubs
 *(.eh_frame)
 .eh_frame      0x0800346c        0x0 /home/dombayli/st/stm32cubeide_2.2.0/plugins/com.st.stm32cube.ide.mcu.externaltools.gnu-tools-for-stm32.14.3.rel1.linux64_1.0.100.202602081740/tools/bin/../lib/gcc/arm-none-eabi/14.3.1/thumb/v6-m/nofp/crtbegin.o
 *(.init)
 .init          0x0800346c        0x4 /home/dombayli/st/stm32cubeide_2.2.0/plugins/com.st.stm32cube.ide.mcu.externaltools.gnu-tools-for-stm32.14.3.rel1.linux64_1.0.100.202602081740/tools/bin/../lib/gcc/arm-none-eabi/14.3.1/thumb/v6-m/nofp/crti.o
                0x0800346c                _init
 .init          0x08003470        0x8 /home/dombayli/st/stm32cubeide_2.2.0/plugins/com.st.stm32cube.ide.mcu.externaltools.gnu-tools-for-stm32.14.3.rel1.linux64_1.0.100.202602081740/tools/bin/../lib/gcc/arm-none-eabi/14.3.1/thumb/v6-m/nofp/crtn.o
 *(.fini)
 .fini          0x08003478        0x4 /home/dombayli/st/stm32cubeide_2.2.0/plugins/com.st.stm32cube.ide.mcu.externaltools.gnu-tools-for-stm32.14.3.rel1.linux64_1.0.100.202602081740/tools/bin/../lib/gcc/arm-none-eabi/14.3.1/thumb/v6-m/nofp/crti.o
                0x08003478                _fini
 .fini          0x0800347c        0x8 /home/dombayli/st/stm32cubeide_2.2.0/plugins/com.st.stm32cube.ide.mcu.externaltools.gnu-tools-for-stm32.14.3.rel1.linux64_1.0.100.202602081740/tools/bin/../lib/gcc/arm-none-eabi/14.3.1/thumb/v6-m/nofp/crtn.o
                0x08003484                        . = ALIGN (0x4)
                0x08003484                        _etext = .

.vfp11_veneer   0x08003484        0x0
 .vfp11_veneer  0x08003484        0x0 linker stubs

.v4_bx          0x08003484        0x0
 .v4_bx         0x08003484        0x0 linker stubs

.iplt           0x08003484        0x0
 .iplt          0x08003484        0x0 /home/dombayli/st/stm32cubeide_2.2.0/plugins/com.st.stm32cube.ide.mcu.externaltools.gnu-tools-for-stm32.14.3.rel1.linux64_1.0.100.202602081740/tools/bin/../lib/gcc/arm-none-eabi/14.3.1/thumb/v6-m/nofp/crtbegin.o

.rodata         0x08003484      0x11c
                0x08003484                        . = ALIGN (0x4)
 *(.rodata)
 .rodata        0x08003484       0x17 ./Core/Src/main.o
 *(.rodata*)
 *fill*         0x0800349b        0x1 
 .rodata.OFFSET_TAB_CCMRx
                0x0800349c        0x9 ./Core/Src/main.o
 *fill*         0x080034a5        0x3 
 .rodata.SHIFT_TAB_OCxx
                0x080034a8        0x9 ./Core/Src/main.o
 *fill*         0x080034b1        0x3 
 .rodata.SHIFT_TAB_ICxx
                0x080034b4        0x9 ./Core/Src/main.o
 *fill*         0x080034bd        0x3 
 .rodata.SHIFT_TAB_CCxP
                0x080034c0        0x9 ./Core/Src/main.o
 *fill*         0x080034c9        0x3 
 .rodata.AHBPrescTable
                0x080034cc       0x40 ./Core/Src/system_stm32g0xx.o
                0x080034cc                AHBPrescTable
 .rodata.APBPrescTable
                0x0800350c       0x20 ./Core/Src/system_stm32g0xx.o
                0x0800350c                APBPrescTable
 .rodata.USART_PRESCALER_TAB
                0x0800352c       0x40 ./Drivers/STM32G0xx_HAL_Driver/Src/stm32g0xx_ll_usart.o
 .rodata._svfprintf_r.str1.1
                0x0800356c       0x33 /home/dombayli/st/stm32cubeide_2.2.0/plugins/com.st.stm32cube.ide.mcu.externaltools.gnu-tools-for-stm32.14.3.rel1.linux64_1.0.100.202602081740/tools/bin/../lib/gcc/arm-none-eabi/14.3.1/../../../../arm-none-eabi/lib/thumb/v6-m/nofp/libc_nano.a(libc_a-nano-svfprintf.o)
                                 0x11 (size before relaxing)
 .rodata._printf_i.str1.1
                0x0800359f       0x22 /home/dombayli/st/stm32cubeide_2.2.0/plugins/com.st.stm32cube.ide.mcu.externaltools.gnu-tools-for-stm32.14.3.rel1.linux64_1.0.100.202602081740/tools/bin/../lib/gcc/arm-none-eabi/14.3.1/../../../../arm-none-eabi/lib/thumb/v6-m/nofp/libc_nano.a(libc_a-nano-vfprintf_i.o)
                0x080035c4                        . = ALIGN (0x4)
 *fill*         0x0800359f        0x1 

.ARM.extab      0x080035a0        0x0
                0x080035a0                        . = ALIGN (0x4)
 *(.ARM.extab* .gnu.linkonce.armextab.*)
                0x080035a0                        . = ALIGN (0x4)

.ARM            0x080035a0        0x0
                0x080035a0                        . = ALIGN (0x4)
                0x080035a0                        __exidx_start = .
 *(.ARM.exidx*)
                0x080035a0                        __exidx_end = .
                0x080035a0                        . = ALIGN (0x4)

.preinit_array  0x080035a0        0x0
                0x080035a0                        . = ALIGN (0x4)
                0x080035a0                        PROVIDE (__preinit_array_start = .)
 *(.preinit_array*)
                0x080035a0                        PROVIDE (__preinit_array_end = .)
                0x080035a0                        . = ALIGN (0x4)

.init_array     0x080035a0        0x4
                0x080035a0                        . = ALIGN (0x4)
                0x080035a0                        PROVIDE (__init_array_start = .)
 *(SORT_BY_NAME(.init_array.*))
 *(.init_array*)
 .init_array    0x080035a0        0x4 /home/dombayli/st/stm32cubeide_2.2.0/plugins/com.st.stm32cube.ide.mcu.externaltools.gnu-tools-for-stm32.14.3.rel1.linux64_1.0.100.202602081740/tools/bin/../lib/gcc/arm-none-eabi/14.3.1/thumb/v6-m/nofp/crtbegin.o
                0x080035a4                        PROVIDE (__init_array_end = .)
                0x080035a4                        . = ALIGN (0x4)

.fini_array     0x080035a4        0x4
                0x080035a4                        . = ALIGN (0x4)
                [!provide]                        PROVIDE (__fini_array_start = .)
 *(SORT_BY_NAME(.fini_array.*))
 *(.fini_array*)
 .fini_array    0x080035a4        0x4 /home/dombayli/st/stm32cubeide_2.2.0/plugins/com.st.stm32cube.ide.mcu.externaltools.gnu-tools-for-stm32.14.3.rel1.linux64_1.0.100.202602081740/tools/bin/../lib/gcc/arm-none-eabi/14.3.1/thumb/v6-m/nofp/crtbegin.o
                [!provide]                        PROVIDE (__fini_array_end = .)
                0x080035a8                        . = ALIGN (0x4)
                0x080035a8                        _sidata = LOADADDR (.data)

.rel.dyn        0x080035a8        0x0
 .rel.iplt      0x080035a8        0x0 /home/dombayli/st/stm32cubeide_2.2.0/plugins/com.st.stm32cube.ide.mcu.externaltools.gnu-tools-for-stm32.14.3.rel1.linux64_1.0.100.202602081740/tools/bin/../lib/gcc/arm-none-eabi/14.3.1/thumb/v6-m/nofp/crtbegin.o

.data           0x20000000       0x5c load address 0x080035a8
                0x20000000                        . = ALIGN (0x4)
                0x20000000                        _sdata = .
 *(.data)
 *(.data*)
 .data.servo_pos
                0x20000000        0x2 ./Core/Src/main.o
                0x20000000                servo_pos
 .data.servo_dir
                0x20000002        0x1 ./Core/Src/stm32g0xx_it.o
                0x20000002                servo_dir
 *fill*         0x20000003        0x1 
 .data.SystemCoreClock
                0x20000004        0x4 ./Core/Src/system_stm32g0xx.o
                0x20000004                SystemCoreClock
 .data.uwTickFreq
                0x20000008        0x1 ./Drivers/STM32G0xx_HAL_Driver/Src/stm32g0xx_hal.o
                0x20000008                uwTickFreq
 *fill*         0x20000009        0x3 
 .data._impure_ptr
                0x2000000c        0x4 /home/dombayli/st/stm32cubeide_2.2.0/plugins/com.st.stm32cube.ide.mcu.externaltools.gnu-tools-for-stm32.14.3.rel1.linux64_1.0.100.202602081740/tools/bin/../lib/gcc/arm-none-eabi/14.3.1/../../../../arm-none-eabi/lib/thumb/v6-m/nofp/libc_nano.a(libc_a-impure.o)
                0x2000000c                _impure_ptr
 .data._impure_data
                0x20000010       0x4c /home/dombayli/st/stm32cubeide_2.2.0/plugins/com.st.stm32cube.ide.mcu.externaltools.gnu-tools-for-stm32.14.3.rel1.linux64_1.0.100.202602081740/tools/bin/../lib/gcc/arm-none-eabi/14.3.1/../../../../arm-none-eabi/lib/thumb/v6-m/nofp/libc_nano.a(libc_a-impure.o)
                0x20000010                _impure_data
 *(.RamFunc)
 *(.RamFunc*)
                0x2000005c                        . = ALIGN (0x4)
                0x2000005c                        _edata = .

.igot.plt       0x2000005c        0x0 load address 0x08003604
 .igot.plt      0x2000005c        0x0 /home/dombayli/st/stm32cubeide_2.2.0/plugins/com.st.stm32cube.ide.mcu.externaltools.gnu-tools-for-stm32.14.3.rel1.linux64_1.0.100.202602081740/tools/bin/../lib/gcc/arm-none-eabi/14.3.1/thumb/v6-m/nofp/crtbegin.o
                0x2000005c                        . = ALIGN (0x4)

.bss            0x2000005c      0x1c0 load address 0x08003604
                0x2000005c                        _sbss = .
                0x2000005c                        __bss_start__ = _sbss
 *(.bss)
 .bss           0x2000005c       0x1c /home/dombayli/st/stm32cubeide_2.2.0/plugins/com.st.stm32cube.ide.mcu.externaltools.gnu-tools-for-stm32.14.3.rel1.linux64_1.0.100.202602081740/tools/bin/../lib/gcc/arm-none-eabi/14.3.1/thumb/v6-m/nofp/crtbegin.o
 *(.bss*)
 .bss.GPIO_InitStruct
                0x20000078       0x18 ./Core/Src/main.o
                0x20000078                GPIO_InitStruct
 .bss.TIM_InitStruct
                0x20000090       0x14 ./Core/Src/main.o
                0x20000090                TIM_InitStruct
 .bss.TIM_OC_InitStruct
                0x200000a4       0x20 ./Core/Src/main.o
                0x200000a4                TIM_OC_InitStruct
 .bss.distance  0x200000c4        0x4 ./Core/Src/main.o
                0x200000c4                distance
 .bss.servo_tick
                0x200000c8        0x1 ./Core/Src/stm32g0xx_it.o
                0x200000c8                servo_tick
 *fill*         0x200000c9        0x3 
 .bss.__sbrk_heap_end
                0x200000cc        0x4 ./Core/Src/sysmem.o
 .bss.uwTick    0x200000d0        0x4 ./Drivers/STM32G0xx_HAL_Driver/Src/stm32g0xx_hal.o
                0x200000d0                uwTick
 .bss.__sf      0x200000d4      0x138 /home/dombayli/st/stm32cubeide_2.2.0/plugins/com.st.stm32cube.ide.mcu.externaltools.gnu-tools-for-stm32.14.3.rel1.linux64_1.0.100.202602081740/tools/bin/../lib/gcc/arm-none-eabi/14.3.1/../../../../arm-none-eabi/lib/thumb/v6-m/nofp/libc_nano.a(libc_a-findfp.o)
                0x200000d4                __sf
 .bss.errno     0x2000020c        0x4 /home/dombayli/st/stm32cubeide_2.2.0/plugins/com.st.stm32cube.ide.mcu.externaltools.gnu-tools-for-stm32.14.3.rel1.linux64_1.0.100.202602081740/tools/bin/../lib/gcc/arm-none-eabi/14.3.1/../../../../arm-none-eabi/lib/thumb/v6-m/nofp/libc_nano.a(libc_a-reent.o)
                0x2000020c                errno
 .bss.__lock___malloc_recursive_mutex
                0x20000210        0x1 /home/dombayli/st/stm32cubeide_2.2.0/plugins/com.st.stm32cube.ide.mcu.externaltools.gnu-tools-for-stm32.14.3.rel1.linux64_1.0.100.202602081740/tools/bin/../lib/gcc/arm-none-eabi/14.3.1/../../../../arm-none-eabi/lib/thumb/v6-m/nofp/libc_nano.a(libc_a-lock.o)
                0x20000210                __lock___malloc_recursive_mutex
 *fill*         0x20000211        0x3 
 .bss.__malloc_sbrk_start
                0x20000214        0x4 /home/dombayli/st/stm32cubeide_2.2.0/plugins/com.st.stm32cube.ide.mcu.externaltools.gnu-tools-for-stm32.14.3.rel1.linux64_1.0.100.202602081740/tools/bin/../lib/gcc/arm-none-eabi/14.3.1/../../../../arm-none-eabi/lib/thumb/v6-m/nofp/libc_nano.a(libc_a-mallocr.o)
                0x20000214                __malloc_sbrk_start
 .bss.__malloc_free_list
                0x20000218        0x4 /home/dombayli/st/stm32cubeide_2.2.0/plugins/com.st.stm32cube.ide.mcu.externaltools.gnu-tools-for-stm32.14.3.rel1.linux64_1.0.100.202602081740/tools/bin/../lib/gcc/arm-none-eabi/14.3.1/../../../../arm-none-eabi/lib/thumb/v6-m/nofp/libc_nano.a(libc_a-mallocr.o)
                0x20000218                __malloc_free_list
 *(COMMON)
                0x2000021c                        . = ALIGN (0x4)
                0x2000021c                        _ebss = .
                0x2000021c                        __bss_end__ = _ebss

._user_heap_stack
                0x2000021c      0x604 load address 0x08003604
                0x20000220                        . = ALIGN (0x8)
 *fill*         0x2000021c        0x4 
                [!provide]                        PROVIDE (end = .)
                0x20000220                        PROVIDE (_end = .)
                0x20000420                        . = (. + _Min_Heap_Size)
 *fill*         0x20000220      0x200 
                0x20000820                        . = (. + _Min_Stack_Size)
 *fill*         0x20000420      0x400 
                0x20000820                        . = ALIGN (0x8)

/DISCARD/
 libc.a(*)
 libm.a(*)
 libgcc.a(*)

.ARM.attributes
                0x00000000       0x28
 *(.ARM.attributes)
 .ARM.attributes
                0x00000000       0x1e /home/dombayli/st/stm32cubeide_2.2.0/plugins/com.st.stm32cube.ide.mcu.externaltools.gnu-tools-for-stm32.14.3.rel1.linux64_1.0.100.202602081740/tools/bin/../lib/gcc/arm-none-eabi/14.3.1/thumb/v6-m/nofp/crti.o
 .ARM.attributes
                0x0000001e       0x2c /home/dombayli/st/stm32cubeide_2.2.0/plugins/com.st.stm32cube.ide.mcu.externaltools.gnu-tools-for-stm32.14.3.rel1.linux64_1.0.100.202602081740/tools/bin/../lib/gcc/arm-none-eabi/14.3.1/thumb/v6-m/nofp/crtbegin.o
 .ARM.attributes
                0x0000004a       0x2c ./Core/Src/main.o
 .ARM.attributes
                0x00000076       0x2c ./Core/Src/stm32g0xx_it.o
 .ARM.attributes
                0x000000a2       0x2c ./Core/Src/sysmem.o
 .ARM.attributes
                0x000000ce       0x2c ./Core/Src/system_stm32g0xx.o
 .ARM.attributes
                0x000000fa       0x22 ./Core/Startup/startup_stm32g071rbtx.o
 .ARM.attributes
                0x0000011c       0x2c ./Drivers/STM32G0xx_HAL_Driver/Src/stm32g0xx_hal.o
 .ARM.attributes
                0x00000148       0x2c ./Drivers/STM32G0xx_HAL_Driver/Src/stm32g0xx_ll_gpio.o
 .ARM.attributes
                0x00000174       0x2c ./Drivers/STM32G0xx_HAL_Driver/Src/stm32g0xx_ll_rcc.o
 .ARM.attributes
                0x000001a0       0x2c ./Drivers/STM32G0xx_HAL_Driver/Src/stm32g0xx_ll_tim.o
 .ARM.attributes
                0x000001cc       0x2c ./Drivers/STM32G0xx_HAL_Driver/Src/stm32g0xx_ll_usart.o
 .ARM.attributes
                0x000001f8       0x2c ./Drivers/STM32G0xx_HAL_Driver/Src/stm32g0xx_ll_utils.o
 .ARM.attributes
                0x00000224       0x2c /home/dombayli/st/stm32cubeide_2.2.0/plugins/com.st.stm32cube.ide.mcu.externaltools.gnu-tools-for-stm32.14.3.rel1.linux64_1.0.100.202602081740/tools/bin/../lib/gcc/arm-none-eabi/14.3.1/../../../../arm-none-eabi/lib/thumb/v6-m/nofp/libc_nano.a(libc_a-findfp.o)
 .ARM.attributes
                0x00000250       0x2c /home/dombayli/st/stm32cubeide_2.2.0/plugins/com.st.stm32cube.ide.mcu.externaltools.gnu-tools-for-stm32.14.3.rel1.linux64_1.0.100.202602081740/tools/bin/../lib/gcc/arm-none-eabi/14.3.1/../../../../arm-none-eabi/lib/thumb/v6-m/nofp/libc_nano.a(libc_a-snprintf.o)
 .ARM.attributes
                0x0000027c       0x2c /home/dombayli/st/stm32cubeide_2.2.0/plugins/com.st.stm32cube.ide.mcu.externaltools.gnu-tools-for-stm32.14.3.rel1.linux64_1.0.100.202602081740/tools/bin/../lib/gcc/arm-none-eabi/14.3.1/../../../../arm-none-eabi/lib/thumb/v6-m/nofp/libc_nano.a(libc_a-memset.o)
 .ARM.attributes
                0x000002a8       0x2c /home/dombayli/st/stm32cubeide_2.2.0/plugins/com.st.stm32cube.ide.mcu.externaltools.gnu-tools-for-stm32.14.3.rel1.linux64_1.0.100.202602081740/tools/bin/../lib/gcc/arm-none-eabi/14.3.1/../../../../arm-none-eabi/lib/thumb/v6-m/nofp/libc_nano.a(libc_a-reent.o)
 .ARM.attributes
                0x000002d4       0x2c /home/dombayli/st/stm32cubeide_2.2.0/plugins/com.st.stm32cube.ide.mcu.externaltools.gnu-tools-for-stm32.14.3.rel1.linux64_1.0.100.202602081740/tools/bin/../lib/gcc/arm-none-eabi/14.3.1/../../../../arm-none-eabi/lib/thumb/v6-m/nofp/libc_nano.a(libc_a-impure.o)
 .ARM.attributes
                0x00000300       0x2c /home/dombayli/st/stm32cubeide_2.2.0/plugins/com.st.stm32cube.ide.mcu.externaltools.gnu-tools-for-stm32.14.3.rel1.linux64_1.0.100.202602081740/tools/bin/../lib/gcc/arm-none-eabi/14.3.1/../../../../arm-none-eabi/lib/thumb/v6-m/nofp/libc_nano.a(libc_a-errno.o)
 .ARM.attributes
                0x0000032c       0x2c /home/dombayli/st/stm32cubeide_2.2.0/plugins/com.st.stm32cube.ide.mcu.externaltools.gnu-tools-for-stm32.14.3.rel1.linux64_1.0.100.202602081740/tools/bin/../lib/gcc/arm-none-eabi/14.3.1/../../../../arm-none-eabi/lib/thumb/v6-m/nofp/libc_nano.a(libc_a-init.o)
 .ARM.attributes
                0x00000358       0x2c /home/dombayli/st/stm32cubeide_2.2.0/plugins/com.st.stm32cube.ide.mcu.externaltools.gnu-tools-for-stm32.14.3.rel1.linux64_1.0.100.202602081740/tools/bin/../lib/gcc/arm-none-eabi/14.3.1/../../../../arm-none-eabi/lib/thumb/v6-m/nofp/libc_nano.a(libc_a-lock.o)
 .ARM.attributes
                0x00000384       0x1c /home/dombayli/st/stm32cubeide_2.2.0/plugins/com.st.stm32cube.ide.mcu.externaltools.gnu-tools-for-stm32.14.3.rel1.linux64_1.0.100.202602081740/tools/bin/../lib/gcc/arm-none-eabi/14.3.1/../../../../arm-none-eabi/lib/thumb/v6-m/nofp/libc_nano.a(libc_a-strlen.o)
 .ARM.attributes
                0x000003a0       0x2c /home/dombayli/st/stm32cubeide_2.2.0/plugins/com.st.stm32cube.ide.mcu.externaltools.gnu-tools-for-stm32.14.3.rel1.linux64_1.0.100.202602081740/tools/bin/../lib/gcc/arm-none-eabi/14.3.1/../../../../arm-none-eabi/lib/thumb/v6-m/nofp/libc_nano.a(libc_a-freer.o)
 .ARM.attributes
                0x000003cc       0x2c /home/dombayli/st/stm32cubeide_2.2.0/plugins/com.st.stm32cube.ide.mcu.externaltools.gnu-tools-for-stm32.14.3.rel1.linux64_1.0.100.202602081740/tools/bin/../lib/gcc/arm-none-eabi/14.3.1/../../../../arm-none-eabi/lib/thumb/v6-m/nofp/libc_nano.a(libc_a-mallocr.o)
 .ARM.attributes
                0x000003f8       0x2c /home/dombayli/st/stm32cubeide_2.2.0/plugins/com.st.stm32cube.ide.mcu.externaltools.gnu-tools-for-stm32.14.3.rel1.linux64_1.0.100.202602081740/tools/bin/../lib/gcc/arm-none-eabi/14.3.1/../../../../arm-none-eabi/lib/thumb/v6-m/nofp/libc_nano.a(libc_a-mlock.o)
 .ARM.attributes
                0x00000424       0x2c /home/dombayli/st/stm32cubeide_2.2.0/plugins/com.st.stm32cube.ide.mcu.externaltools.gnu-tools-for-stm32.14.3.rel1.linux64_1.0.100.202602081740/tools/bin/../lib/gcc/arm-none-eabi/14.3.1/../../../../arm-none-eabi/lib/thumb/v6-m/nofp/libc_nano.a(libc_a-nano-svfprintf.o)
 .ARM.attributes
                0x00000450       0x2c /home/dombayli/st/stm32cubeide_2.2.0/plugins/com.st.stm32cube.ide.mcu.externaltools.gnu-tools-for-stm32.14.3.rel1.linux64_1.0.100.202602081740/tools/bin/../lib/gcc/arm-none-eabi/14.3.1/../../../../arm-none-eabi/lib/thumb/v6-m/nofp/libc_nano.a(libc_a-nano-vfprintf_i.o)
 .ARM.attributes
                0x0000047c       0x2c /home/dombayli/st/stm32cubeide_2.2.0/plugins/com.st.stm32cube.ide.mcu.externaltools.gnu-tools-for-stm32.14.3.rel1.linux64_1.0.100.202602081740/tools/bin/../lib/gcc/arm-none-eabi/14.3.1/../../../../arm-none-eabi/lib/thumb/v6-m/nofp/libc_nano.a(libc_a-memmove.o)
 .ARM.attributes
                0x000004a8       0x2c /home/dombayli/st/stm32cubeide_2.2.0/plugins/com.st.stm32cube.ide.mcu.externaltools.gnu-tools-for-stm32.14.3.rel1.linux64_1.0.100.202602081740/tools/bin/../lib/gcc/arm-none-eabi/14.3.1/../../../../arm-none-eabi/lib/thumb/v6-m/nofp/libc_nano.a(libc_a-sbrkr.o)
 .ARM.attributes
                0x000004d4       0x2c /home/dombayli/st/stm32cubeide_2.2.0/plugins/com.st.stm32cube.ide.mcu.externaltools.gnu-tools-for-stm32.14.3.rel1.linux64_1.0.100.202602081740/tools/bin/../lib/gcc/arm-none-eabi/14.3.1/../../../../arm-none-eabi/lib/thumb/v6-m/nofp/libc_nano.a(libc_a-memchr-stub.o)
 .ARM.attributes
                0x00000500       0x2c /home/dombayli/st/stm32cubeide_2.2.0/plugins/com.st.stm32cube.ide.mcu.externaltools.gnu-tools-for-stm32.14.3.rel1.linux64_1.0.100.202602081740/tools/bin/../lib/gcc/arm-none-eabi/14.3.1/../../../../arm-none-eabi/lib/thumb/v6-m/nofp/libc_nano.a(libc_a-memcpy-stub.o)
 .ARM.attributes
                0x0000052c       0x2c /home/dombayli/st/stm32cubeide_2.2.0/plugins/com.st.stm32cube.ide.mcu.externaltools.gnu-tools-for-stm32.14.3.rel1.linux64_1.0.100.202602081740/tools/bin/../lib/gcc/arm-none-eabi/14.3.1/../../../../arm-none-eabi/lib/thumb/v6-m/nofp/libc_nano.a(libc_a-reallocr.o)
 .ARM.attributes
                0x00000558       0x2c /home/dombayli/st/stm32cubeide_2.2.0/plugins/com.st.stm32cube.ide.mcu.externaltools.gnu-tools-for-stm32.14.3.rel1.linux64_1.0.100.202602081740/tools/bin/../lib/gcc/arm-none-eabi/14.3.1/../../../../arm-none-eabi/lib/thumb/v6-m/nofp/libc_nano.a(libc_a-msizer.o)
 .ARM.attributes
                0x00000584       0x1e /home/dombayli/st/stm32cubeide_2.2.0/plugins/com.st.stm32cube.ide.mcu.externaltools.gnu-tools-for-stm32.14.3.rel1.linux64_1.0.100.202602081740/tools/bin/../lib/gcc/arm-none-eabi/14.3.1/thumb/v6-m/nofp/libgcc.a(_thumb1_case_shi.o)
 .ARM.attributes
                0x000005a2       0x1e /home/dombayli/st/stm32cubeide_2.2.0/plugins/com.st.stm32cube.ide.mcu.externaltools.gnu-tools-for-stm32.14.3.rel1.linux64_1.0.100.202602081740/tools/bin/../lib/gcc/arm-none-eabi/14.3.1/thumb/v6-m/nofp/libgcc.a(_udivsi3.o)
 .ARM.attributes
                0x000005c0       0x1e /home/dombayli/st/stm32cubeide_2.2.0/plugins/com.st.stm32cube.ide.mcu.externaltools.gnu-tools-for-stm32.14.3.rel1.linux64_1.0.100.202602081740/tools/bin/../lib/gcc/arm-none-eabi/14.3.1/thumb/v6-m/nofp/libgcc.a(_divsi3.o)
 .ARM.attributes
                0x000005de       0x1e /home/dombayli/st/stm32cubeide_2.2.0/plugins/com.st.stm32cube.ide.mcu.externaltools.gnu-tools-for-stm32.14.3.rel1.linux64_1.0.100.202602081740/tools/bin/../lib/gcc/arm-none-eabi/14.3.1/thumb/v6-m/nofp/libgcc.a(_dvmd_tls.o)
 .ARM.attributes
                0x000005fc       0x1e /home/dombayli/st/stm32cubeide_2.2.0/plugins/com.st.stm32cube.ide.mcu.externaltools.gnu-tools-for-stm32.14.3.rel1.linux64_1.0.100.202602081740/tools/bin/../lib/gcc/arm-none-eabi/14.3.1/thumb/v6-m/nofp/crtn.o
OUTPUT(HCSR04.elf elf32-littlearm)
LOAD linker stubs
LOAD /home/dombayli/st/stm32cubeide_2.2.0/plugins/com.st.stm32cube.ide.mcu.externaltools.gnu-tools-for-stm32.14.3.rel1.linux64_1.0.100.202602081740/tools/bin/../lib/gcc/arm-none-eabi/14.3.1/../../../../arm-none-eabi/lib/thumb/v6-m/nofp/libc.a
LOAD /home/dombayli/st/stm32cubeide_2.2.0/plugins/com.st.stm32cube.ide.mcu.externaltools.gnu-tools-for-stm32.14.3.rel1.linux64_1.0.100.202602081740/tools/bin/../lib/gcc/arm-none-eabi/14.3.1/../../../../arm-none-eabi/lib/thumb/v6-m/nofp/libm.a
LOAD /home/dombayli/st/stm32cubeide_2.2.0/plugins/com.st.stm32cube.ide.mcu.externaltools.gnu-tools-for-stm32.14.3.rel1.linux64_1.0.100.202602081740/tools/bin/../lib/gcc/arm-none-eabi/14.3.1/thumb/v6-m/nofp/libgcc.a

.debug_info     0x00000000     0x5f37
 .debug_info    0x00000000     0x1b7f ./Core/Src/main.o
 .debug_info    0x00001b7f      0x3c6 ./Core/Src/stm32g0xx_it.o
 .debug_info    0x00001f45      0x168 ./Core/Src/sysmem.o
 .debug_info    0x000020ad      0x316 ./Core/Src/system_stm32g0xx.o
 .debug_info    0x000023c3       0x30 ./Core/Startup/startup_stm32g071rbtx.o
 .debug_info    0x000023f3      0xa34 ./Drivers/STM32G0xx_HAL_Driver/Src/stm32g0xx_hal.o
 .debug_info    0x00002e27      0x5ec ./Drivers/STM32G0xx_HAL_Driver/Src/stm32g0xx_ll_gpio.o
 .debug_info    0x00003413      0x997 ./Drivers/STM32G0xx_HAL_Driver/Src/stm32g0xx_ll_rcc.o
 .debug_info    0x00003daa     0x10f0 ./Drivers/STM32G0xx_HAL_Driver/Src/stm32g0xx_ll_tim.o
 .debug_info    0x00004e9a      0x797 ./Drivers/STM32G0xx_HAL_Driver/Src/stm32g0xx_ll_usart.o
 .debug_info    0x00005631      0x906 ./Drivers/STM32G0xx_HAL_Driver/Src/stm32g0xx_ll_utils.o

.debug_abbrev   0x00000000     0x141b
 .debug_abbrev  0x00000000      0x3f8 ./Core/Src/main.o
 .debug_abbrev  0x000003f8      0x152 ./Core/Src/stm32g0xx_it.o
 .debug_abbrev  0x0000054a       0xbc ./Core/Src/sysmem.o
 .debug_abbrev  0x00000606      0x119 ./Core/Src/system_stm32g0xx.o
 .debug_abbrev  0x0000071f       0x24 ./Core/Startup/startup_stm32g071rbtx.o
 .debug_abbrev  0x00000743      0x2b2 ./Drivers/STM32G0xx_HAL_Driver/Src/stm32g0xx_hal.o
 .debug_abbrev  0x000009f5      0x1ad ./Drivers/STM32G0xx_HAL_Driver/Src/stm32g0xx_ll_gpio.o
 .debug_abbrev  0x00000ba2      0x239 ./Drivers/STM32G0xx_HAL_Driver/Src/stm32g0xx_ll_rcc.o
 .debug_abbrev  0x00000ddb      0x20d ./Drivers/STM32G0xx_HAL_Driver/Src/stm32g0xx_ll_tim.o
 .debug_abbrev  0x00000fe8      0x208 ./Drivers/STM32G0xx_HAL_Driver/Src/stm32g0xx_ll_usart.o
 .debug_abbrev  0x000011f0      0x22b ./Drivers/STM32G0xx_HAL_Driver/Src/stm32g0xx_ll_utils.o

.debug_aranges  0x00000000      0x8d8
 .debug_aranges
                0x00000000      0x240 ./Core/Src/main.o
 .debug_aranges
                0x00000240       0x48 ./Core/Src/stm32g0xx_it.o
 .debug_aranges
                0x00000288       0x20 ./Core/Src/sysmem.o
 .debug_aranges
                0x000002a8       0x28 ./Core/Src/system_stm32g0xx.o
 .debug_aranges
                0x000002d0       0x28 ./Core/Startup/startup_stm32g071rbtx.o
 .debug_aranges
                0x000002f8      0x120 ./Drivers/STM32G0xx_HAL_Driver/Src/stm32g0xx_hal.o
 .debug_aranges
                0x00000418       0x70 ./Drivers/STM32G0xx_HAL_Driver/Src/stm32g0xx_ll_gpio.o
 .debug_aranges
                0x00000488      0x198 ./Drivers/STM32G0xx_HAL_Driver/Src/stm32g0xx_ll_rcc.o
 .debug_aranges
                0x00000620      0x148 ./Drivers/STM32G0xx_HAL_Driver/Src/stm32g0xx_ll_tim.o
 .debug_aranges
                0x00000768       0x88 ./Drivers/STM32G0xx_HAL_Driver/Src/stm32g0xx_ll_usart.o
 .debug_aranges
                0x000007f0       0xe8 ./Drivers/STM32G0xx_HAL_Driver/Src/stm32g0xx_ll_utils.o

.debug_rnglists
                0x00000000      0x69b
 .debug_rnglists
                0x00000000      0x1bd ./Core/Src/main.o
 .debug_rnglists
                0x000001bd       0x32 ./Core/Src/stm32g0xx_it.o
 .debug_rnglists
                0x000001ef       0x13 ./Core/Src/sysmem.o
 .debug_rnglists
                0x00000202       0x1a ./Core/Src/system_stm32g0xx.o
 .debug_rnglists
                0x0000021c       0x19 ./Core/Startup/startup_stm32g071rbtx.o
 .debug_rnglists
                0x00000235       0xd4 ./Drivers/STM32G0xx_HAL_Driver/Src/stm32g0xx_hal.o
 .debug_rnglists
                0x00000309       0x51 ./Drivers/STM32G0xx_HAL_Driver/Src/stm32g0xx_ll_gpio.o
 .debug_rnglists
                0x0000035a      0x132 ./Drivers/STM32G0xx_HAL_Driver/Src/stm32g0xx_ll_rcc.o
 .debug_rnglists
                0x0000048c       0xfe ./Drivers/STM32G0xx_HAL_Driver/Src/stm32g0xx_ll_tim.o
 .debug_rnglists
                0x0000058a       0x64 ./Drivers/STM32G0xx_HAL_Driver/Src/stm32g0xx_ll_usart.o
 .debug_rnglists
                0x000005ee       0xad ./Drivers/STM32G0xx_HAL_Driver/Src/stm32g0xx_ll_utils.o

.debug_macro    0x00000000    0x1a95c
 .debug_macro   0x00000000      0x33b ./Core/Src/main.o
 .debug_macro   0x0000033b      0xab4 ./Core/Src/main.o
 .debug_macro   0x00000def      0x117 ./Core/Src/main.o
 .debug_macro   0x00000f06       0x2e ./Core/Src/main.o
 .debug_macro   0x00000f34       0x28 ./Core/Src/main.o
 .debug_macro   0x00000f5c       0x22 ./Core/Src/main.o
 .debug_macro   0x00000f7e       0x8e ./Core/Src/main.o
 .debug_macro   0x0000100c       0x51 ./Core/Src/main.o
 .debug_macro   0x0000105d      0x103 ./Core/Src/main.o
 .debug_macro   0x00001160       0x6a ./Core/Src/main.o
 .debug_macro   0x000011ca      0x1df ./Core/Src/main.o
 .debug_macro   0x000013a9       0x1c ./Core/Src/main.o
 .debug_macro   0x000013c5       0x22 ./Core/Src/main.o
 .debug_macro   0x000013e7       0xd1 ./Core/Src/main.o
 .debug_macro   0x000014b8      0x4da ./Core/Src/main.o
 .debug_macro   0x00001992      0x11f ./Core/Src/main.o
 .debug_macro   0x00001ab1     0xc7b5 ./Core/Src/main.o
 .debug_macro   0x0000e266       0x66 ./Core/Src/main.o
 .debug_macro   0x0000e2cc     0x3512 ./Core/Src/main.o
 .debug_macro   0x000117de      0x190 ./Core/Src/main.o
 .debug_macro   0x0001196e       0x5c ./Core/Src/main.o
 .debug_macro   0x000119ca      0x57a ./Core/Src/main.o
 .debug_macro   0x00011f44     0x1122 ./Core/Src/main.o
 .debug_macro   0x00013066      0x264 ./Core/Src/main.o
 .debug_macro   0x000132ca      0x1cf ./Core/Src/main.o
 .debug_macro   0x00013499      0x1d8 ./Core/Src/main.o
 .debug_macro   0x00013671      0x426 ./Core/Src/main.o
 .debug_macro   0x00013a97      0x287 ./Core/Src/main.o
 .debug_macro   0x00013d1e      0x3a7 ./Core/Src/main.o
 .debug_macro   0x000140c5      0x1b2 ./Core/Src/main.o
 .debug_macro   0x00014277       0x43 ./Core/Src/main.o
 .debug_macro   0x000142ba      0x1f1 ./Core/Src/main.o
 .debug_macro   0x000144ab      0x1d6 ./Core/Src/main.o
 .debug_macro   0x00014681      0x38a ./Core/Src/main.o
 .debug_macro   0x00014a0b       0x28 ./Core/Src/main.o
 .debug_macro   0x00014a33       0xe4 ./Core/Src/main.o
 .debug_macro   0x00014b17      0x125 ./Core/Src/main.o
 .debug_macro   0x00014c3c      0x240 ./Core/Src/main.o
 .debug_macro   0x00014e7c      0xad0 ./Core/Src/main.o
 .debug_macro   0x0001594c      0x1a1 ./Core/Src/main.o
 .debug_macro   0x00015aed      0x4f2 ./Core/Src/main.o
 .debug_macro   0x00015fdf      0x12b ./Core/Src/main.o
 .debug_macro   0x0001610a      0x141 ./Core/Src/main.o
 .debug_macro   0x0001624b      0x1c1 ./Core/Src/main.o
 .debug_macro   0x0001640c      0x174 ./Core/Src/main.o
 .debug_macro   0x00016580       0x5a ./Core/Src/main.o
 .debug_macro   0x000165da      0x1ce ./Core/Src/main.o
 .debug_macro   0x000167a8      0x986 ./Core/Src/main.o
 .debug_macro   0x0001712e      0x40f ./Core/Src/main.o
 .debug_macro   0x0001753d      0x131 ./Core/Src/main.o
 .debug_macro   0x0001766e       0x4c ./Core/Src/main.o
 .debug_macro   0x000176ba       0x61 ./Core/Src/main.o
 .debug_macro   0x0001771b       0x24 ./Core/Src/main.o
 .debug_macro   0x0001773f       0x43 ./Core/Src/main.o
 .debug_macro   0x00017782       0x34 ./Core/Src/main.o
 .debug_macro   0x000177b6       0x16 ./Core/Src/main.o
 .debug_macro   0x000177cc       0x3c ./Core/Src/main.o
 .debug_macro   0x00017808      0x364 ./Core/Src/main.o
 .debug_macro   0x00017b6c       0x10 ./Core/Src/main.o
 .debug_macro   0x00017b7c       0x16 ./Core/Src/main.o
 .debug_macro   0x00017b92       0x4a ./Core/Src/main.o
 .debug_macro   0x00017bdc       0x34 ./Core/Src/main.o
 .debug_macro   0x00017c10       0x10 ./Core/Src/main.o
 .debug_macro   0x00017c20       0x58 ./Core/Src/main.o
 .debug_macro   0x00017c78       0x8e ./Core/Src/main.o
 .debug_macro   0x00017d06       0x1c ./Core/Src/main.o
 .debug_macro   0x00017d22      0x17e ./Core/Src/main.o
 .debug_macro   0x00017ea0       0x16 ./Core/Src/main.o
 .debug_macro   0x00017eb6       0x16 ./Core/Src/main.o
 .debug_macro   0x00017ecc      0x146 ./Core/Src/main.o
 .debug_macro   0x00018012       0x16 ./Core/Src/main.o
 .debug_macro   0x00018028       0x20 ./Core/Src/main.o
 .debug_macro   0x00018048      0x23d ./Core/Src/stm32g0xx_it.o
 .debug_macro   0x00018285      0x116 ./Core/Src/sysmem.o
 .debug_macro   0x0001839b      0x23c ./Core/Src/sysmem.o
 .debug_macro   0x000185d7      0x1cb ./Core/Src/system_stm32g0xx.o
 .debug_macro   0x000187a2      0x1ef ./Drivers/STM32G0xx_HAL_Driver/Src/stm32g0xx_hal.o
 .debug_macro   0x00018991      0x20d ./Drivers/STM32G0xx_HAL_Driver/Src/stm32g0xx_ll_gpio.o
 .debug_macro   0x00018b9e      0x12b ./Drivers/STM32G0xx_HAL_Driver/Src/stm32g0xx_ll_gpio.o
 .debug_macro   0x00018cc9      0x20b ./Drivers/STM32G0xx_HAL_Driver/Src/stm32g0xx_ll_rcc.o
 .debug_macro   0x00018ed4      0x574 ./Drivers/STM32G0xx_HAL_Driver/Src/stm32g0xx_ll_rcc.o
 .debug_macro   0x00019448      0x282 ./Drivers/STM32G0xx_HAL_Driver/Src/stm32g0xx_ll_tim.o
 .debug_macro   0x000196ca      0x980 ./Drivers/STM32G0xx_HAL_Driver/Src/stm32g0xx_ll_tim.o
 .debug_macro   0x0001a04a      0x241 ./Drivers/STM32G0xx_HAL_Driver/Src/stm32g0xx_ll_usart.o
 .debug_macro   0x0001a28b      0x409 ./Drivers/STM32G0xx_HAL_Driver/Src/stm32g0xx_ll_usart.o
 .debug_macro   0x0001a694      0x274 ./Drivers/STM32G0xx_HAL_Driver/Src/stm32g0xx_ll_utils.o
 .debug_macro   0x0001a908       0x54 ./Drivers/STM32G0xx_HAL_Driver/Src/stm32g0xx_ll_utils.o

.debug_line     0x00000000     0x71eb
 .debug_line    0x00000000     0x16c8 ./Core/Src/main.o
 .debug_line    0x000016c8      0x837 ./Core/Src/stm32g0xx_it.o
 .debug_line    0x00001eff      0x4f4 ./Core/Src/sysmem.o
 .debug_line    0x000023f3      0x73a ./Core/Src/system_stm32g0xx.o
 .debug_line    0x00002b2d       0x7b ./Core/Startup/startup_stm32g071rbtx.o
 .debug_line    0x00002ba8      0xa83 ./Drivers/STM32G0xx_HAL_Driver/Src/stm32g0xx_hal.o
 .debug_line    0x0000362b      0x887 ./Drivers/STM32G0xx_HAL_Driver/Src/stm32g0xx_ll_gpio.o
 .debug_line    0x00003eb2     0x10c8 ./Drivers/STM32G0xx_HAL_Driver/Src/stm32g0xx_ll_rcc.o
 .debug_line    0x00004f7a      0xe13 ./Drivers/STM32G0xx_HAL_Driver/Src/stm32g0xx_ll_tim.o
 .debug_line    0x00005d8d      0x92e ./Drivers/STM32G0xx_HAL_Driver/Src/stm32g0xx_ll_usart.o
 .debug_line    0x000066bb      0xb30 ./Drivers/STM32G0xx_HAL_Driver/Src/stm32g0xx_ll_utils.o

.debug_str      0x00000000    0xa672d
 .debug_str     0x00000000    0xa672d ./Core/Src/main.o
                              0xa2bb6 (size before relaxing)
 .debug_str     0x000a672d    0x9e704 ./Core/Src/stm32g0xx_it.o
 .debug_str     0x000a672d     0x7615 ./Core/Src/sysmem.o
 .debug_str     0x000a672d    0x949cc ./Core/Src/system_stm32g0xx.o
 .debug_str     0x000a672d       0x7c ./Core/Startup/startup_stm32g071rbtx.o
 .debug_str     0x000a672d    0x951d0 ./Drivers/STM32G0xx_HAL_Driver/Src/stm32g0xx_hal.o
 .debug_str     0x000a672d    0x95dd2 ./Drivers/STM32G0xx_HAL_Driver/Src/stm32g0xx_ll_gpio.o
 .debug_str     0x000a672d    0x95298 ./Drivers/STM32G0xx_HAL_Driver/Src/stm32g0xx_ll_rcc.o
 .debug_str     0x000a672d    0x9b850 ./Drivers/STM32G0xx_HAL_Driver/Src/stm32g0xx_ll_tim.o
 .debug_str     0x000a672d    0x9767f ./Drivers/STM32G0xx_HAL_Driver/Src/stm32g0xx_ll_usart.o
 .debug_str     0x000a672d    0x96cee ./Drivers/STM32G0xx_HAL_Driver/Src/stm32g0xx_ll_utils.o

.comment        0x00000000       0x43
 .comment       0x00000000       0x43 ./Core/Src/main.o
                                 0x44 (size before relaxing)
 .comment       0x00000043       0x44 ./Core/Src/stm32g0xx_it.o
 .comment       0x00000043       0x44 ./Core/Src/sysmem.o
 .comment       0x00000043       0x44 ./Core/Src/system_stm32g0xx.o
 .comment       0x00000043       0x44 ./Drivers/STM32G0xx_HAL_Driver/Src/stm32g0xx_hal.o
 .comment       0x00000043       0x44 ./Drivers/STM32G0xx_HAL_Driver/Src/stm32g0xx_ll_gpio.o
 .comment       0x00000043       0x44 ./Drivers/STM32G0xx_HAL_Driver/Src/stm32g0xx_ll_rcc.o
 .comment       0x00000043       0x44 ./Drivers/STM32G0xx_HAL_Driver/Src/stm32g0xx_ll_tim.o
 .comment       0x00000043       0x44 ./Drivers/STM32G0xx_HAL_Driver/Src/stm32g0xx_ll_usart.o
 .comment       0x00000043       0x44 ./Drivers/STM32G0xx_HAL_Driver/Src/stm32g0xx_ll_utils.o

.debug_frame    0x00000000     0x2400
 .debug_frame   0x00000000      0x878 ./Core/Src/main.o
 .debug_frame   0x00000878       0xbc ./Core/Src/stm32g0xx_it.o
 .debug_frame   0x00000934       0x30 ./Core/Src/sysmem.o
 .debug_frame   0x00000964       0x4c ./Core/Src/system_stm32g0xx.o
 .debug_frame   0x000009b0      0x3dc ./Drivers/STM32G0xx_HAL_Driver/Src/stm32g0xx_hal.o
 .debug_frame   0x00000d8c      0x170 ./Drivers/STM32G0xx_HAL_Driver/Src/stm32g0xx_ll_gpio.o
 .debug_frame   0x00000efc      0x5bc ./Drivers/STM32G0xx_HAL_Driver/Src/stm32g0xx_ll_rcc.o
 .debug_frame   0x000014b8      0x4d0 ./Drivers/STM32G0xx_HAL_Driver/Src/stm32g0xx_ll_tim.o
 .debug_frame   0x00001988      0x1d0 ./Drivers/STM32G0xx_HAL_Driver/Src/stm32g0xx_ll_usart.o
 .debug_frame   0x00001b58      0x324 ./Drivers/STM32G0xx_HAL_Driver/Src/stm32g0xx_ll_utils.o
 .debug_frame   0x00001e7c      0x138 /home/dombayli/st/stm32cubeide_2.2.0/plugins/com.st.stm32cube.ide.mcu.externaltools.gnu-tools-for-stm32.14.3.rel1.linux64_1.0.100.202602081740/tools/bin/../lib/gcc/arm-none-eabi/14.3.1/../../../../arm-none-eabi/lib/thumb/v6-m/nofp/libc_nano.a(libc_a-findfp.o)
 .debug_frame   0x00001fb4       0x50 /home/dombayli/st/stm32cubeide_2.2.0/plugins/com.st.stm32cube.ide.mcu.externaltools.gnu-tools-for-stm32.14.3.rel1.linux64_1.0.100.202602081740/tools/bin/../lib/gcc/arm-none-eabi/14.3.1/../../../../arm-none-eabi/lib/thumb/v6-m/nofp/libc_nano.a(libc_a-snprintf.o)
 .debug_frame   0x00002004       0x20 /home/dombayli/st/stm32cubeide_2.2.0/plugins/com.st.stm32cube.ide.mcu.externaltools.gnu-tools-for-stm32.14.3.rel1.linux64_1.0.100.202602081740/tools/bin/../lib/gcc/arm-none-eabi/14.3.1/../../../../arm-none-eabi/lib/thumb/v6-m/nofp/libc_nano.a(libc_a-memset.o)
 .debug_frame   0x00002024       0x2c /home/dombayli/st/stm32cubeide_2.2.0/plugins/com.st.stm32cube.ide.mcu.externaltools.gnu-tools-for-stm32.14.3.rel1.linux64_1.0.100.202602081740/tools/bin/../lib/gcc/arm-none-eabi/14.3.1/../../../../arm-none-eabi/lib/thumb/v6-m/nofp/libc_nano.a(libc_a-reent.o)
 .debug_frame   0x00002050       0x20 /home/dombayli/st/stm32cubeide_2.2.0/plugins/com.st.stm32cube.ide.mcu.externaltools.gnu-tools-for-stm32.14.3.rel1.linux64_1.0.100.202602081740/tools/bin/../lib/gcc/arm-none-eabi/14.3.1/../../../../arm-none-eabi/lib/thumb/v6-m/nofp/libc_nano.a(libc_a-errno.o)
 .debug_frame   0x00002070       0x2c /home/dombayli/st/stm32cubeide_2.2.0/plugins/com.st.stm32cube.ide.mcu.externaltools.gnu-tools-for-stm32.14.3.rel1.linux64_1.0.100.202602081740/tools/bin/../lib/gcc/arm-none-eabi/14.3.1/../../../../arm-none-eabi/lib/thumb/v6-m/nofp/libc_nano.a(libc_a-init.o)
 .debug_frame   0x0000209c       0xb0 /home/dombayli/st/stm32cubeide_2.2.0/plugins/com.st.stm32cube.ide.mcu.externaltools.gnu-tools-for-stm32.14.3.rel1.linux64_1.0.100.202602081740/tools/bin/../lib/gcc/arm-none-eabi/14.3.1/../../../../arm-none-eabi/lib/thumb/v6-m/nofp/libc_nano.a(libc_a-lock.o)
 .debug_frame   0x0000214c       0x2c /home/dombayli/st/stm32cubeide_2.2.0/plugins/com.st.stm32cube.ide.mcu.externaltools.gnu-tools-for-stm32.14.3.rel1.linux64_1.0.100.202602081740/tools/bin/../lib/gcc/arm-none-eabi/14.3.1/../../../../arm-none-eabi/lib/thumb/v6-m/nofp/libc_nano.a(libc_a-freer.o)
 .debug_frame   0x00002178       0x50 /home/dombayli/st/stm32cubeide_2.2.0/plugins/com.st.stm32cube.ide.mcu.externaltools.gnu-tools-for-stm32.14.3.rel1.linux64_1.0.100.202602081740/tools/bin/../lib/gcc/arm-none-eabi/14.3.1/../../../../arm-none-eabi/lib/thumb/v6-m/nofp/libc_nano.a(libc_a-mallocr.o)
 .debug_frame   0x000021c8       0x40 /home/dombayli/st/stm32cubeide_2.2.0/plugins/com.st.stm32cube.ide.mcu.externaltools.gnu-tools-for-stm32.14.3.rel1.linux64_1.0.100.202602081740/tools/bin/../lib/gcc/arm-none-eabi/14.3.1/../../../../arm-none-eabi/lib/thumb/v6-m/nofp/libc_nano.a(libc_a-mlock.o)
 .debug_frame   0x00002208       0x74 /home/dombayli/st/stm32cubeide_2.2.0/plugins/com.st.stm32cube.ide.mcu.externaltools.gnu-tools-for-stm32.14.3.rel1.linux64_1.0.100.202602081740/tools/bin/../lib/gcc/arm-none-eabi/14.3.1/../../../../arm-none-eabi/lib/thumb/v6-m/nofp/libc_nano.a(libc_a-nano-svfprintf.o)
 .debug_frame   0x0000227c       0x54 /home/dombayli/st/stm32cubeide_2.2.0/plugins/com.st.stm32cube.ide.mcu.externaltools.gnu-tools-for-stm32.14.3.rel1.linux64_1.0.100.202602081740/tools/bin/../lib/gcc/arm-none-eabi/14.3.1/../../../../arm-none-eabi/lib/thumb/v6-m/nofp/libc_nano.a(libc_a-nano-vfprintf_i.o)
 .debug_frame   0x000022d0       0x28 /home/dombayli/st/stm32cubeide_2.2.0/plugins/com.st.stm32cube.ide.mcu.externaltools.gnu-tools-for-stm32.14.3.rel1.linux64_1.0.100.202602081740/tools/bin/../lib/gcc/arm-none-eabi/14.3.1/../../../../arm-none-eabi/lib/thumb/v6-m/nofp/libc_nano.a(libc_a-memmove.o)
 .debug_frame   0x000022f8       0x2c /home/dombayli/st/stm32cubeide_2.2.0/plugins/com.st.stm32cube.ide.mcu.externaltools.gnu-tools-for-stm32.14.3.rel1.linux64_1.0.100.202602081740/tools/bin/../lib/gcc/arm-none-eabi/14.3.1/../../../../arm-none-eabi/lib/thumb/v6-m/nofp/libc_nano.a(libc_a-sbrkr.o)
 .debug_frame   0x00002324       0x20 /home/dombayli/st/stm32cubeide_2.2.0/plugins/com.st.stm32cube.ide.mcu.externaltools.gnu-tools-for-stm32.14.3.rel1.linux64_1.0.100.202602081740/tools/bin/../lib/gcc/arm-none-eabi/14.3.1/../../../../arm-none-eabi/lib/thumb/v6-m/nofp/libc_nano.a(libc_a-memchr-stub.o)
 .debug_frame   0x00002344       0x28 /home/dombayli/st/stm32cubeide_2.2.0/plugins/com.st.stm32cube.ide.mcu.externaltools.gnu-tools-for-stm32.14.3.rel1.linux64_1.0.100.202602081740/tools/bin/../lib/gcc/arm-none-eabi/14.3.1/../../../../arm-none-eabi/lib/thumb/v6-m/nofp/libc_nano.a(libc_a-memcpy-stub.o)
 .debug_frame   0x0000236c       0x34 /home/dombayli/st/stm32cubeide_2.2.0/plugins/com.st.stm32cube.ide.mcu.externaltools.gnu-tools-for-stm32.14.3.rel1.linux64_1.0.100.202602081740/tools/bin/../lib/gcc/arm-none-eabi/14.3.1/../../../../arm-none-eabi/lib/thumb/v6-m/nofp/libc_nano.a(libc_a-reallocr.o)
 .debug_frame   0x000023a0       0x20 /home/dombayli/st/stm32cubeide_2.2.0/plugins/com.st.stm32cube.ide.mcu.externaltools.gnu-tools-for-stm32.14.3.rel1.linux64_1.0.100.202602081740/tools/bin/../lib/gcc/arm-none-eabi/14.3.1/../../../../arm-none-eabi/lib/thumb/v6-m/nofp/libc_nano.a(libc_a-msizer.o)
 .debug_frame   0x000023c0       0x20 /home/dombayli/st/stm32cubeide_2.2.0/plugins/com.st.stm32cube.ide.mcu.externaltools.gnu-tools-for-stm32.14.3.rel1.linux64_1.0.100.202602081740/tools/bin/../lib/gcc/arm-none-eabi/14.3.1/thumb/v6-m/nofp/libgcc.a(_udivsi3.o)
 .debug_frame   0x000023e0       0x20 /home/dombayli/st/stm32cubeide_2.2.0/plugins/com.st.stm32cube.ide.mcu.externaltools.gnu-tools-for-stm32.14.3.rel1.linux64_1.0.100.202602081740/tools/bin/../lib/gcc/arm-none-eabi/14.3.1/thumb/v6-m/nofp/libgcc.a(_divsi3.o)

.debug_line_str
                0x00000000       0x60
 .debug_line_str
                0x00000000       0x60 ./Core/Startup/startup_stm32g071rbtx.o
