../Drivers/CMSIS/Include/core_cm0plus.h:850:22:__NVIC_SetPriority	2
../Drivers/CMSIS/Include/core_cm0plus.h:1056:26:SysTick_Config	2
../Drivers/STM32G0xx_HAL_Driver/Inc/stm32g0xx_ll_rcc.h:1347:22:LL_RCC_HSI_Enable	1
../Drivers/STM32G0xx_HAL_Driver/Inc/stm32g0xx_ll_rcc.h:1367:26:LL_RCC_HSI_IsReady	2
../Drivers/STM32G0xx_HAL_Driver/Inc/stm32g0xx_ll_rcc.h:1688:22:LL_RCC_SetSysClkSource	1
../Drivers/STM32G0xx_HAL_Driver/Inc/stm32g0xx_ll_rcc.h:1703:26:LL_RCC_GetSysClkSource	1
../Drivers/STM32G0xx_HAL_Driver/Inc/stm32g0xx_ll_rcc.h:1723:22:LL_RCC_SetAHBPrescaler	1
../Drivers/STM32G0xx_HAL_Driver/Inc/stm32g0xx_ll_rcc.h:1739:22:LL_RCC_SetAPB1Prescaler	1
../Drivers/STM32G0xx_HAL_Driver/Inc/stm32g0xx_ll_rcc.h:1935:22:LL_RCC_SetUSARTClockSource	1
../Drivers/STM32G0xx_HAL_Driver/Inc/stm32g0xx_ll_rcc.h:1994:22:LL_RCC_SetTIMClockSource	1
../Drivers/STM32G0xx_HAL_Driver/Inc/stm32g0xx_ll_rcc.h:2512:22:LL_RCC_PLL_Enable	1
../Drivers/STM32G0xx_HAL_Driver/Inc/stm32g0xx_ll_rcc.h:2533:26:LL_RCC_PLL_IsReady	2
../Drivers/STM32G0xx_HAL_Driver/Inc/stm32g0xx_ll_rcc.h:2570:22:LL_RCC_PLL_ConfigDomain_SYS	1
../Drivers/STM32G0xx_HAL_Driver/Inc/stm32g0xx_ll_rcc.h:3437:22:LL_RCC_PLL_EnableDomain_SYS	1
../Drivers/STM32G0xx_HAL_Driver/Inc/stm32g0xx_ll_bus.h:467:22:LL_APB1_GRP1_EnableClock	1
../Drivers/STM32G0xx_HAL_Driver/Inc/stm32g0xx_ll_bus.h:921:22:LL_APB2_GRP1_EnableClock	1
../Drivers/STM32G0xx_HAL_Driver/Inc/stm32g0xx_ll_bus.h:1135:22:LL_IOP_GRP1_EnableClock	1
../Drivers/STM32G0xx_HAL_Driver/Inc/stm32g0xx_ll_system.h:1972:22:LL_FLASH_SetLatency	1
../Drivers/STM32G0xx_HAL_Driver/Inc/stm32g0xx_ll_system.h:1985:26:LL_FLASH_GetLatency	1
../Drivers/STM32G0xx_HAL_Driver/Inc/stm32g0xx_ll_tim.h:1586:22:LL_TIM_EnableCounter	1
../Drivers/STM32G0xx_HAL_Driver/Inc/stm32g0xx_ll_tim.h:1689:22:LL_TIM_SetOnePulseMode	1
../Drivers/STM32G0xx_HAL_Driver/Inc/stm32g0xx_ll_tim.h:1766:22:LL_TIM_EnableARRPreload	1
../Drivers/STM32G0xx_HAL_Driver/Inc/stm32g0xx_ll_tim.h:1777:22:LL_TIM_DisableARRPreload	1
../Drivers/STM32G0xx_HAL_Driver/Inc/stm32g0xx_ll_tim.h:1839:22:LL_TIM_SetCounter	1
../Drivers/STM32G0xx_HAL_Driver/Inc/stm32g0xx_ll_tim.h:1852:26:LL_TIM_GetCounter	1
../Drivers/STM32G0xx_HAL_Driver/Inc/stm32g0xx_ll_tim.h:2121:22:LL_TIM_CC_EnableChannel	1
../Drivers/STM32G0xx_HAL_Driver/Inc/stm32g0xx_ll_tim.h:2494:22:LL_TIM_OC_DisableFast	9
../Drivers/STM32G0xx_HAL_Driver/Inc/stm32g0xx_ll_tim.h:2546:22:LL_TIM_OC_EnablePreload	9
../Drivers/STM32G0xx_HAL_Driver/Inc/stm32g0xx_ll_tim.h:2982:22:LL_TIM_IC_SetActiveInput	9
../Drivers/STM32G0xx_HAL_Driver/Inc/stm32g0xx_ll_tim.h:3032:22:LL_TIM_IC_SetPrescaler	9
../Drivers/STM32G0xx_HAL_Driver/Inc/stm32g0xx_ll_tim.h:3095:22:LL_TIM_IC_SetFilter	9
../Drivers/STM32G0xx_HAL_Driver/Inc/stm32g0xx_ll_tim.h:3161:22:LL_TIM_IC_SetPolarity	9
../Drivers/STM32G0xx_HAL_Driver/Inc/stm32g0xx_ll_tim.h:3328:22:LL_TIM_DisableExternalClock	1
../Drivers/STM32G0xx_HAL_Driver/Inc/stm32g0xx_ll_tim.h:3365:22:LL_TIM_SetClockSource	1
../Drivers/STM32G0xx_HAL_Driver/Inc/stm32g0xx_ll_tim.h:3411:22:LL_TIM_SetTriggerOutput	1
../Drivers/STM32G0xx_HAL_Driver/Inc/stm32g0xx_ll_tim.h:3441:22:LL_TIM_SetTriggerOutput2	1
../Drivers/STM32G0xx_HAL_Driver/Inc/stm32g0xx_ll_tim.h:3460:22:LL_TIM_SetSlaveMode	1
../Drivers/STM32G0xx_HAL_Driver/Inc/stm32g0xx_ll_tim.h:3485:22:LL_TIM_SetTriggerInput	1
../Drivers/STM32G0xx_HAL_Driver/Inc/stm32g0xx_ll_tim.h:3511:22:LL_TIM_DisableMasterSlaveMode	1
../Drivers/STM32G0xx_HAL_Driver/Inc/stm32g0xx_ll_tim.h:3564:22:LL_TIM_ConfigETR	1
../Drivers/STM32G0xx_HAL_Driver/Inc/stm32g0xx_ll_tim.h:4834:22:LL_TIM_DisableIT_TRIG	1
../Drivers/STM32G0xx_HAL_Driver/Inc/stm32g0xx_ll_tim.h:5105:22:LL_TIM_DisableDMAReq_TRIG	1
../Drivers/STM32G0xx_HAL_Driver/Inc/stm32g0xx_ll_tim.h:5134:22:LL_TIM_GenerateEvent_UPDATE	1
../Drivers/STM32G0xx_HAL_Driver/Inc/stm32g0xx_ll_usart.h:638:22:LL_USART_Enable	1
../Drivers/STM32G0xx_HAL_Driver/Inc/stm32g0xx_ll_usart.h:689:22:LL_USART_DisableFIFO	1
../Drivers/STM32G0xx_HAL_Driver/Inc/stm32g0xx_ll_usart.h:722:22:LL_USART_SetTXFIFOThreshold	1
../Drivers/STM32G0xx_HAL_Driver/Inc/stm32g0xx_ll_usart.h:761:22:LL_USART_SetRXFIFOThreshold	1
../Drivers/STM32G0xx_HAL_Driver/Inc/stm32g0xx_ll_usart.h:2677:22:LL_USART_ConfigAsyncMode	1
../Drivers/STM32G0xx_HAL_Driver/Inc/stm32g0xx_ll_usart.h:3012:26:LL_USART_IsActiveFlag_TC	2
../Drivers/STM32G0xx_HAL_Driver/Inc/stm32g0xx_ll_usart.h:3027:26:LL_USART_IsActiveFlag_TXE_TXFNF	2
../Drivers/STM32G0xx_HAL_Driver/Inc/stm32g0xx_ll_usart.h:3197:26:LL_USART_IsActiveFlag_TEACK	2
../Drivers/STM32G0xx_HAL_Driver/Inc/stm32g0xx_ll_usart.h:3208:26:LL_USART_IsActiveFlag_REACK	2
../Drivers/STM32G0xx_HAL_Driver/Inc/stm32g0xx_ll_usart.h:4278:22:LL_USART_TransmitData8	1
../Drivers/STM32G0xx_HAL_Driver/Inc/stm32g0xx_ll_gpio.h:886:22:LL_GPIO_ResetOutputPin	1
../Drivers/STM32G0xx_HAL_Driver/Inc/stm32g0xx_ll_gpio.h:915:22:LL_GPIO_TogglePin	1
../Core/Src/main.c:66:6:GPIO_Config	1
../Core/Src/main.c:103:6:Servo_Config	1
../Core/Src/main.c:119:6:TIM3_Config	1
../Core/Src/main.c:136:6:Trig_Sensor	1
../Core/Src/main.c:140:6:TIM1_Config	1
../Core/Src/main.c:154:6:UART_Config	1
../Core/Src/main.c:166:6:Send_Radar_Data	5
../Core/Src/main.c:185:5:main	1
../Core/Src/main.c:244:6:SystemClock_Config	5
../Core/Src/main.c:286:13:MX_TIM1_Init	1
../Core/Src/main.c:358:13:MX_TIM2_Init	1
../Core/Src/main.c:415:13:MX_USART2_UART_Init	3
../Core/Src/main.c:490:13:MX_GPIO_Init	1
../Core/Src/main.c:582:6:Error_Handler	1
